<html>
<body>
<pre>
<h1>µVision Build Log</h1>
<h2>Tool Versions:</h2>
IDE-Version: µVision V5.15
Copyright (C) 2015 ARM Ltd and ARM Germany GmbH. All rights reserved.
License Information: h j, j, LIC=----
 
Tool Versions:
Toolchain:       MDK-Lite  Version: 5.15.0
Toolchain Path:  C:\Keil_v5\ARM\ARMCC\Bin
C Compiler:      Armcc.exe V5.05 update 2 (build 169)
Assembler:       Armasm.exe V5.05 update 2 (build 169)
Linker/Locator:  ArmLink.exe V5.05 update 2 (build 169)
Library Manager: ArmAr.exe V5.05 update 2 (build 169)
Hex Converter:   FromElf.exe V5.05 update 2 (build 169)
CPU DLL:         SARMCM3.DLL V5.15.0
Dialog DLL:      DARMCM1.DLL V1.12.0.0
Target DLL:      UL2CM3.DLL V1.155.8.0
Dialog DLL:      TARMCM1.DLL V1.9.0.0
 
<h2>Project:</h2>
C:\Users\admin\Documents\GitHub\Kinetis_RTOS\Kinetis_RTOS.uvprojx
Project File Date:  07/19/2015

<h2>Output:</h2>
*** Using Compiler 'V5.05 update 2 (build 169)', folder: 'C:\Keil_v5\ARM\ARMCC\Bin'
Rebuild target 'MKL25Z128'
compiling main.c...
compiling Thread.c...
compiling Thread_1.c...
compiling Delay.c...
compiling HD44780.c...
compiling LED.c...
compiling Low_Level_Init.c...
compiling RTX_Conf_CM.c...
assembling startup_MKL25Z4.s...
compiling system_MKL25Z4.c...
linking...
Program Size: Code=7436 RO-data=344 RW-data=84 ZI-data=4244  
".\Objects\Kinetis_RTOS.axf" - 0 Error(s), 0 Warning(s).

<h2>Software Packages used:</h2>

Package Vendor: ARM
                http://www.keil.com/pack/ARM.CMSIS.4.3.0.pack
                ::CMSIS:RTOS:1.0 (API)
                CMSIS (Cortex Microcontroller Software Interface Standard)
   * Component: RTOS Version: 1.0
   * Component: CORE Version: 4.1.0

Package Vendor: Keil
                http://www.keil.com/pack/Keil.Kinetis_KLxx_DFP.1.6.0.pack
                Keil::Device:Startup:1.0.0
                Freescale Kinetis KLxx Series Device Support and Examples
   * Component: Startup Version: 1.0.0
   * Component: Keil RTX Version: 4.78.0

<h2>Collection of Component include folders:</h2>
  C:\Users\admin\Documents\GitHub\Kinetis_RTOS\RTE
  C:\Keil_v5\ARM\PACK\ARM\CMSIS\4.3.0\CMSIS\Include
  C:\Keil_v5\ARM\PACK\ARM\CMSIS\4.3.0\CMSIS\RTOS\RTX\INC
  C:\Keil_v5\ARM\PACK\Keil\Kinetis_KLxx_DFP\1.6.0\Device\Include

<h2>Collection of Component Files used:</h2>

   * Component: ::CMSIS:RTOS:1.0 (API)

   * Component: ARM::CMSIS:CORE:4.1.0

   * Component: Keil::Device:Startup:1.0.0
      Source file:   Device\Source\ARM\startup_MKL25Z4.s
      Source file:   Device\Source\system_MKL25Z4.c

   * Component: ARM::CMSIS:RTOS:Keil RTX:4.78.0
      Source file:   CMSIS\RTOS\RTX\Templates\RTX_Conf_CM.c
      Source file:   CMSIS\RTOS\RTX\UserCodeTemplates\main.c
      Include file:  CMSIS\RTOS\RTX\UserCodeTemplates\osObjects.h
      Include file:  CMSIS\RTOS\RTX\INC\cmsis_os.h
      Source file:   CMSIS\RTOS\RTX\UserCodeTemplates\MemPool.c
      Library file:  CMSIS\RTOS\RTX\LIB\ARM\RTX_CM0.lib
      Source file:   CMSIS\RTOS\RTX\UserCodeTemplates\Timer.c
      Source file:   CMSIS\RTOS\RTX\UserCodeTemplates\Mutex.c
      Source file:   CMSIS\RTOS\RTX\UserCodeTemplates\MsgQueue.c
      Source file:   CMSIS\RTOS\RTX\UserCodeTemplates\MailQueue.c
      Source file:   CMSIS\RTOS\RTX\UserCodeTemplates\Thread.c
      Source file:   CMSIS\RTOS\RTX\SRC\ARM\SVC_Table.s
      Source file:   CMSIS\RTOS\RTX\UserCodeTemplates\Semaphore.c
</pre>
</body>
</html>
