Component: ARM Compiler 5.05 update 2 (build 169) Tool: armlink [4d0f33]

==============================================================================

Section Cross References

    main.o(i.main) refers to rt_cmsis.o(i.osKernelInitialize) for osKernelInitialize
    main.o(i.main) refers to low_level_init.o(i.init_hardware) for init_hardware
    main.o(i.main) refers to led.o(i.LED_Initialization) for LED_Initialization
    main.o(i.main) refers to hd44780.o(i.LCD_Init) for LCD_Init
    main.o(i.main) refers to thread.o(i.Init_Thread) for Init_Thread
    main.o(i.main) refers to thread_1.o(i.Init_Thread_1) for Init_Thread_1
    main.o(i.main) refers to rt_cmsis.o(i.osKernelStart) for osKernelStart
    thread.o(i.Init_Thread) refers to rt_cmsis.o(i.osThreadCreate) for osThreadCreate
    thread.o(i.Init_Thread) refers to thread.o(.constdata) for os_thread_def_Thread
    thread.o(i.Init_Thread) refers to thread.o(.data) for tid_Thread
    thread.o(i.Thread) refers to led.o(i.RGB) for RGB
    thread.o(i.Thread) refers to rt_cmsis.o(i.osDelay) for osDelay
    thread.o(i.Thread) refers to rt_cmsis.o(i.osThreadYield) for osThreadYield
    thread.o(.constdata) refers to thread.o(i.Thread) for Thread
    thread_1.o(i.Init_Thread_1) refers to rt_cmsis.o(i.osThreadCreate) for osThreadCreate
    thread_1.o(i.Init_Thread_1) refers to thread_1.o(.constdata) for os_thread_def_Thread_1
    thread_1.o(i.Init_Thread_1) refers to thread_1.o(.data) for tid_Thread_1
    thread_1.o(i.Thread_1) refers to led.o(i.RGB) for RGB
    thread_1.o(i.Thread_1) refers to rt_cmsis.o(i.osDelay) for osDelay
    thread_1.o(i.Thread_1) refers to rt_cmsis.o(i.osThreadYield) for osThreadYield
    thread_1.o(.constdata) refers to thread_1.o(i.Thread_1) for Thread_1
    delay.o(i._delay_ms) refers to lludiv.o(.text) for __aeabi_uldivmod
    delay.o(i._delay_ms) refers to llmul.o(.text) for __aeabi_lmul
    delay.o(i._delay_ms) refers to system_mkl25z4.o(.data) for SystemCoreClock
    hd44780.o(i.LCD_CheckStatus) refers to hd44780.o(i.LCD_ReadNibble) for LCD_ReadNibble
    hd44780.o(i.LCD_Init) refers to delay.o(i._delay_ms) for _delay_ms
    hd44780.o(i.LCD_Init) refers to hd44780.o(i.LCD_WriteCommand) for LCD_WriteCommand
    hd44780.o(i.LCD_ReadNibble) refers to hd44780.o(i.LCD_IO_GetVal) for LCD_IO_GetVal
    hd44780.o(i.LCD_WriteCommand) refers to hd44780.o(i.LCD_WriteNibble) for LCD_WriteNibble
    hd44780.o(i.LCD_WriteData) refers to hd44780.o(i.LCD_WriteNibble) for LCD_WriteNibble
    hd44780.o(i.LCD_WriteData) refers to hd44780.o(i.LCD_CheckStatus) for LCD_CheckStatus
    hd44780.o(i.LCD_WriteNibble) refers to hd44780.o(i.LCD_IO_PutVal) for LCD_IO_PutVal
    hd44780.o(i.LCD_WriteText) refers to hd44780.o(i.LCD_WriteData) for LCD_WriteData
    led.o(i.LED_Initialization) refers to led.o(i.RGB) for RGB
    led.o(i.LED_Initialization) refers to delay.o(i._delay_ms) for _delay_ms
    rtx_conf_cm.o(.emb_text) refers to rt_cmsis.o(i.osKernelInitialize) for osKernelInitialize
    rtx_conf_cm.o(.emb_text) refers to rt_cmsis.o(i.osThreadCreate) for osThreadCreate
    rtx_conf_cm.o(.emb_text) refers to rt_cmsis.o(i.osKernelStart) for osKernelStart
    rtx_conf_cm.o(.emb_text) refers to exit.o(.text) for exit
    rtx_conf_cm.o(.emb_text) refers to rtx_conf_cm.o(.data) for os_thread_def_main
    rtx_conf_cm.o(i.__user_perthread_libspace) refers to rt_task.o(i.rt_tsk_self) for rt_tsk_self
    rtx_conf_cm.o(i.__user_perthread_libspace) refers to rt_cmsis.o(.data) for os_running
    rtx_conf_cm.o(i.__user_perthread_libspace) refers to rtx_conf_cm.o(.bss) for .bss
    rtx_conf_cm.o(i.__user_perthread_libspace) refers to libspace.o(.bss) for __libspace_start
    rtx_conf_cm.o(i._mutex_acquire) refers to rt_cmsis.o(.data) for os_running
    rtx_conf_cm.o(i._mutex_acquire) refers to rt_mutex.o(i.rt_mut_wait) for rt_mut_wait
    rtx_conf_cm.o(i._mutex_initialize) refers to rt_mutex.o(i.rt_mut_init) for rt_mut_init
    rtx_conf_cm.o(i._mutex_initialize) refers to rtx_conf_cm.o(.data) for .data
    rtx_conf_cm.o(i._mutex_initialize) refers to rtx_conf_cm.o(.bss) for .bss
    rtx_conf_cm.o(i._mutex_release) refers to rt_cmsis.o(.data) for os_running
    rtx_conf_cm.o(i._mutex_release) refers to rt_mutex.o(i.rt_mut_release) for rt_mut_release
    rtx_conf_cm.o(.constdata) refers to rt_cmsis.o(i.osTimerThread) for osTimerThread
    rtx_conf_cm.o(.constdata) refers to rtx_conf_cm.o(.bss) for os_messageQ_q_osTimerMessageQ
    rtx_conf_cm.o(.data) refers to main.o(i.main) for main
    startup_mkl25z4.o(STACK) refers (Special) to heapauxi.o(.text) for __use_two_region_memory
    startup_mkl25z4.o(HEAP) refers (Special) to heapauxi.o(.text) for __use_two_region_memory
    startup_mkl25z4.o(RESET) refers (Special) to heapauxi.o(.text) for __use_two_region_memory
    startup_mkl25z4.o(RESET) refers to startup_mkl25z4.o(STACK) for __initial_sp
    startup_mkl25z4.o(RESET) refers to startup_mkl25z4.o(.text) for Reset_Handler
[...]
    libinit.o(.ARM.Collect$$libinit$$00000000) refers (Special) to libinit2.o(.ARM.Collect$$libinit$$00000019) for __rt_lib_init_lc_time_1
    libinit.o(.ARM.Collect$$libinit$$00000000) refers (Special) to libinit2.o(.ARM.Collect$$libinit$$00000004) for __rt_lib_init_preinit_1
    libinit.o(.ARM.Collect$$libinit$$00000000) refers (Special) to libinit2.o(.ARM.Collect$$libinit$$0000000E) for __rt_lib_init_rand_1
    libinit.o(.ARM.Collect$$libinit$$00000000) refers (Special) to libinit2.o(.ARM.Collect$$libinit$$00000033) for __rt_lib_init_return
    libinit.o(.ARM.Collect$$libinit$$00000000) refers (Special) to libinit2.o(.ARM.Collect$$libinit$$0000001D) for __rt_lib_init_signal_1
    libinit.o(.ARM.Collect$$libinit$$00000000) refers (Special) to libinit2.o(.ARM.Collect$$libinit$$00000025) for __rt_lib_init_stdio_1
    libinit.o(.ARM.Collect$$libinit$$00000000) refers (Special) to libinit2.o(.ARM.Collect$$libinit$$0000000C) for __rt_lib_init_user_alloc_1
    libshutdown.o(.ARM.Collect$$libshutdown$$00000000) refers (Special) to libshutdown2.o(.ARM.Collect$$libshutdown$$00000006) for __rt_lib_shutdown_fp_trap_1
    libshutdown.o(.ARM.Collect$$libshutdown$$00000000) refers (Special) to libshutdown2.o(.ARM.Collect$$libshutdown$$0000000E) for __rt_lib_shutdown_heap_1
    libshutdown.o(.ARM.Collect$$libshutdown$$00000000) refers (Special) to libshutdown2.o(.ARM.Collect$$libshutdown$$0000000F) for __rt_lib_shutdown_return
    libshutdown.o(.ARM.Collect$$libshutdown$$00000000) refers (Special) to libshutdown2.o(.ARM.Collect$$libshutdown$$00000009) for __rt_lib_shutdown_signal_1
    libshutdown.o(.ARM.Collect$$libshutdown$$00000000) refers (Special) to libshutdown2.o(.ARM.Collect$$libshutdown$$00000003) for __rt_lib_shutdown_stdio_1
    libshutdown.o(.ARM.Collect$$libshutdown$$00000000) refers (Special) to libshutdown2.o(.ARM.Collect$$libshutdown$$0000000B) for __rt_lib_shutdown_user_alloc_1
    rt_raise.o(.text) refers to __raise.o(.text) for __raise
    rt_raise.o(.text) refers to sys_exit.o(.text) for _sys_exit
    defsig_exit.o(.text) refers to sys_exit.o(.text) for _sys_exit
    defsig_fpe_inner.o(.text) refers to defsig_general.o(.text) for __default_signal_display
    libinit2.o(.ARM.Collect$$libinit$$00000010) refers to libinit2.o(.ARM.Collect$$libinit$$0000000F) for .ARM.Collect$$libinit$$0000000F
    libinit2.o(.ARM.Collect$$libinit$$00000012) refers to libinit2.o(.ARM.Collect$$libinit$$0000000F) for .ARM.Collect$$libinit$$0000000F
    libinit2.o(.ARM.Collect$$libinit$$00000014) refers to libinit2.o(.ARM.Collect$$libinit$$0000000F) for .ARM.Collect$$libinit$$0000000F
    libinit2.o(.ARM.Collect$$libinit$$00000016) refers to libinit2.o(.ARM.Collect$$libinit$$0000000F) for .ARM.Collect$$libinit$$0000000F
    libinit2.o(.ARM.Collect$$libinit$$00000018) refers to libinit2.o(.ARM.Collect$$libinit$$0000000F) for .ARM.Collect$$libinit$$0000000F
    libinit2.o(.ARM.Collect$$libinit$$00000026) refers to argv_veneer.o(.text) for __ARM_argv_veneer
    libinit2.o(.ARM.Collect$$libinit$$00000027) refers to argv_veneer.o(.text) for __ARM_argv_veneer
    __raise.o(.text) refers to defsig.o(CL$$defsig) for __default_signal_handler
    defsig_general.o(.text) refers to sys_wrch.o(.text) for _ttywrch
    sys_wrch.o(.text) refers (Special) to use_no_semi.o(.text) for __I$use$semihosting
    sys_wrch.o(.text) refers (Special) to indicate_semi.o(.text) for __semihosting_library_function
    defsig.o(CL$$defsig) refers to defsig_fpe_inner.o(.text) for __rt_SIGFPE_inner
    defsig.o(CL$$defsig) refers to defsig_rtmem_inner.o(.text) for __rt_SIGRTMEM_inner
    _get_argv_nomalloc.o(.text) refers (Special) to hrguard.o(.text) for __heap_region$guard
    _get_argv_nomalloc.o(.text) refers to defsig_rtmem_outer.o(.text) for __rt_SIGRTMEM
    _get_argv_nomalloc.o(.text) refers to sys_command.o(.text) for _sys_command_string
    sys_command.o(.text) refers (Special) to use_no_semi.o(.text) for __I$use$semihosting
    sys_command.o(.text) refers (Special) to indicate_semi.o(.text) for __semihosting_library_function
    defsig_abrt_inner.o(.text) refers to defsig_general.o(.text) for __default_signal_display
    defsig_rtred_inner.o(.text) refers to defsig_general.o(.text) for __default_signal_display
    defsig_rtmem_inner.o(.text) refers to defsig_general.o(.text) for __default_signal_display
    defsig_rtmem_outer.o(.text) refers to defsig_rtmem_inner.o(.text) for __rt_SIGRTMEM_inner
    defsig_rtmem_outer.o(.text) refers to defsig_exit.o(.text) for __sig_exit
    defsig_rtmem_formal.o(.text) refers to rt_raise.o(.text) for __rt_raise
    defsig_stak_inner.o(.text) refers to defsig_general.o(.text) for __default_signal_display
    defsig_pvfn_inner.o(.text) refers to defsig_general.o(.text) for __default_signal_display
    defsig_cppl_inner.o(.text) refers to defsig_general.o(.text) for __default_signal_display
    defsig_segv_inner.o(.text) refers to defsig_general.o(.text) for __default_signal_display
    defsig_other.o(.text) refers to defsig_general.o(.text) for __default_signal_display


==============================================================================

Removing Unused input sections from the image.

    Removing main.o(.rev16_text), (4 bytes).
    Removing main.o(.revsh_text), (4 bytes).
    Removing thread.o(.rev16_text), (4 bytes).
    Removing thread.o(.revsh_text), (4 bytes).
    Removing thread_1.o(.rev16_text), (4 bytes).
    Removing thread_1.o(.revsh_text), (4 bytes).
    Removing delay.o(.rev16_text), (4 bytes).
    Removing delay.o(.revsh_text), (4 bytes).
    Removing hd44780.o(.rev16_text), (4 bytes).
    Removing hd44780.o(.revsh_text), (4 bytes).
    Removing hd44780.o(i.LCD_CheckStatus), (56 bytes).
    Removing hd44780.o(i.LCD_IO_GetVal), (116 bytes).
    Removing hd44780.o(i.LCD_ReadNibble), (76 bytes).
    Removing hd44780.o(i.LCD_WriteData), (64 bytes).
    Removing hd44780.o(i.LCD_WriteText), (22 bytes).
    Removing led.o(.rev16_text), (4 bytes).
    Removing led.o(.revsh_text), (4 bytes).
    Removing low_level_init.o(.rev16_text), (4 bytes).
    Removing low_level_init.o(.revsh_text), (4 bytes).
    Removing low_level_init.o(i.fputc), (40 bytes).
    Removing low_level_init.o(.data), (8 bytes).
    Removing rtx_conf_cm.o(i.__user_perthread_libspace), (48 bytes).
    Removing rtx_conf_cm.o(i._mutex_initialize), (44 bytes).
    Removing system_mkl25z4.o(.rev16_text), (4 bytes).
    Removing system_mkl25z4.o(.revsh_text), (4 bytes).
    Removing system_mkl25z4.o(i.SystemCoreClockUpdate), (348 bytes).
    Removing rt_cmsis.o(.rev16_text), (4 bytes).
    Removing rt_cmsis.o(.revsh_text), (4 bytes).
    Removing rt_cmsis.o(i.isrSemaphoreRelease), (44 bytes).
    Removing rt_cmsis.o(i.isrSignalSet), (38 bytes).
    Removing rt_cmsis.o(i.osKernelRunning), (40 bytes).
    Removing rt_cmsis.o(i.osKernelSysTick), (28 bytes).
    Removing rt_cmsis.o(i.osMailAlloc), (36 bytes).
    Removing rt_cmsis.o(i.osMailCAlloc), (36 bytes).
    Removing rt_cmsis.o(i.osMailCreate), (52 bytes).
    Removing rt_cmsis.o(i.osMailFree), (32 bytes).
    Removing rt_cmsis.o(i.osMailGet), (24 bytes).
    Removing rt_cmsis.o(i.osMailPut), (28 bytes).
    Removing rt_cmsis.o(i.osMessageCreate), (52 bytes).
    Removing rt_cmsis.o(i.osMessagePut), (28 bytes).
    Removing rt_cmsis.o(i.osMutexCreate), (52 bytes).
    Removing rt_cmsis.o(i.osMutexDelete), (28 bytes).
    Removing rt_cmsis.o(i.osMutexRelease), (28 bytes).
    Removing rt_cmsis.o(i.osMutexWait), (28 bytes).
    Removing rt_cmsis.o(i.osPoolAlloc), (40 bytes).
    Removing rt_cmsis.o(i.osPoolCAlloc), (40 bytes).
    Removing rt_cmsis.o(i.osPoolCreate), (52 bytes).
    Removing rt_cmsis.o(i.osPoolFree), (36 bytes).
    Removing rt_cmsis.o(i.osSemaphoreCreate), (52 bytes).
    Removing rt_cmsis.o(i.osSemaphoreDelete), (28 bytes).
    Removing rt_cmsis.o(i.osSemaphoreRelease), (28 bytes).
    Removing rt_cmsis.o(i.osSemaphoreWait), (28 bytes).
    Removing rt_cmsis.o(i.osSignalClear), (28 bytes).
    Removing rt_cmsis.o(i.osSignalSet), (28 bytes).
    Removing rt_cmsis.o(i.osSignalWait), (28 bytes).
    Removing rt_cmsis.o(i.osThreadGetId), (28 bytes).
    Removing rt_cmsis.o(i.osThreadGetPriority), (28 bytes).
    Removing rt_cmsis.o(i.osThreadSetPriority), (28 bytes).
    Removing rt_cmsis.o(i.osThreadTerminate), (28 bytes).
    Removing rt_cmsis.o(i.osTimerCreate), (52 bytes).
    Removing rt_cmsis.o(i.osTimerDelete), (28 bytes).
    Removing rt_cmsis.o(i.osTimerStart), (28 bytes).
    Removing rt_cmsis.o(i.osTimerStop), (28 bytes).
    Removing rt_cmsis.o(i.osWait), (4 bytes).
    Removing rt_cmsis.o(i.os_resume), (16 bytes).
    Removing rt_cmsis.o(i.os_suspend), (16 bytes).
    Removing rt_cmsis.o(i.rt_clr_box), (22 bytes).
    Removing rt_cmsis.o(i.rt_timer_remove), (68 bytes).
    Removing rt_cmsis.o(i.svcKernelRunning), (12 bytes).
    Removing rt_cmsis.o(i.svcKernelSysTick), (56 bytes).
    Removing rt_cmsis.o(i.svcMailCreate), (78 bytes).
    Removing rt_cmsis.o(i.svcMessagePut), (56 bytes).
    Removing rt_cmsis.o(i.svcMutexCreate), (32 bytes).
    Removing rt_cmsis.o(i.svcMutexDelete), (28 bytes).
    Removing rt_cmsis.o(i.svcMutexRelease), (36 bytes).
    Removing rt_cmsis.o(i.svcMutexWait), (56 bytes).
    Removing rt_cmsis.o(i.svcPoolCreate), (46 bytes).
    Removing rt_cmsis.o(i.svcSemaphoreCreate), (44 bytes).
    Removing rt_cmsis.o(i.svcSemaphoreDelete), (28 bytes).
    Removing rt_cmsis.o(i.svcSemaphoreRelease), (44 bytes).
    Removing rt_cmsis.o(i.svcSemaphoreWait), (52 bytes).
    Removing rt_cmsis.o(i.svcSignalClear), (38 bytes).
    Removing rt_cmsis.o(i.svcSignalSet), (38 bytes).
    Removing rt_cmsis.o(i.svcSignalWait), (92 bytes).
    Removing rt_cmsis.o(i.svcThreadGetPriority), (20 bytes).
    Removing rt_cmsis.o(i.svcThreadSetPriority), (48 bytes).
    Removing rt_cmsis.o(i.svcTimerCreate), (64 bytes).
    Removing rt_cmsis.o(i.svcTimerDelete), (40 bytes).
    Removing rt_cmsis.o(i.svcTimerStart), (108 bytes).
    Removing rt_cmsis.o(i.svcTimerStop), (38 bytes).
    Removing rt_cmsis.o(i.sysMailAlloc), (120 bytes).
    Removing rt_cmsis.o(i.sysMailFree), (106 bytes).
    Removing rt_cmsis.o(i.sysPoolAlloc), (34 bytes).
    Removing rt_cmsis.o(i.sysPoolFree), (22 bytes).
    Removing rt_cmsis.o(i.sysUserTimerUpdate), (48 bytes).
    Removing rt_cmsis.o(i.sysUserTimerWakeupTime), (24 bytes).
    Removing rt_mutex.o(i.rt_mut_delete), (180 bytes).
    Removing rt_mutex.o(i.rt_mut_init), (16 bytes).
    Removing rt_system.o(.emb_text), (0 bytes).
    Removing rt_system.o(i.os_tick_ovf), (16 bytes).
    Removing rt_system.o(i.os_tick_val), (20 bytes).
    Removing rt_system.o(i.rt_resume), (136 bytes).
    Removing rt_system.o(i.rt_suspend), (40 bytes).
    Removing rt_system.o(i.rt_tsk_lock), (84 bytes).
    Removing rt_system.o(i.rt_tsk_unlock), (84 bytes).
    Removing rt_event.o(i.isr_evt_set), (36 bytes).
    Removing rt_event.o(i.rt_evt_clr), (28 bytes).
    Removing rt_event.o(i.rt_evt_get), (12 bytes).
    Removing rt_event.o(i.rt_evt_set), (92 bytes).
    Removing rt_event.o(i.rt_evt_wait), (64 bytes).
    Removing rt_mailbox.o(i.rt_mbx_send), (148 bytes).
    Removing rt_semaphore.o(i.isr_sem_send), (14 bytes).
    Removing rt_semaphore.o(i.rt_sem_delete), (96 bytes).
    Removing rt_semaphore.o(i.rt_sem_init), (12 bytes).
    Removing rt_semaphore.o(i.rt_sem_send), (44 bytes).
    Removing rt_semaphore.o(i.rt_sem_wait), (68 bytes).
    Removing rt_time.o(i.rt_itv_set), (24 bytes).
    Removing rt_time.o(i.rt_itv_wait), (44 bytes).
    Removing rt_time.o(i.rt_time_get), (12 bytes).
    Removing rt_membox.o(i._calloc_box), (32 bytes).
    Removing system_mkl25z4.o(i.__ARM_common_switch8), (28 bytes).
    Removing rt_cmsis.o(i.__ARM_common_ll_muluu), (48 bytes).

122 unused section(s) (total 5016 bytes) removed from the image.

==============================================================================

Image Symbol Table

    Local Symbols

    Symbol Name                              Value     Ov Type        Size  Object(Section)

    RESET                                    0x00000000   Section      192  startup_mkl25z4.o(RESET)
    ../clib/angel/boardlib.s                 0x00000000   Number         0  boardinit1.o ABSOLUTE
    ../clib/angel/boardlib.s                 0x00000000   Number         0  boardshut.o ABSOLUTE
    ../clib/angel/boardlib.s                 0x00000000   Number         0  boardinit2.o ABSOLUTE
    ../clib/angel/handlers.s                 0x00000000   Number         0  __scatter_zi.o ABSOLUTE
    ../clib/angel/handlers.s                 0x00000000   Number         0  __scatter_copy.o ABSOLUTE
    ../clib/angel/kernel.s                   0x00000000   Number         0  rtexit.o ABSOLUTE
    ../clib/angel/kernel.s                   0x00000000   Number         0  __rtentry.o ABSOLUTE
    ../clib/angel/kernel.s                   0x00000000   Number         0  __rtentry4.o ABSOLUTE
    ../clib/angel/kernel.s                   0x00000000   Number         0  rtexit2.o ABSOLUTE
    ../clib/angel/kernel.s                   0x00000000   Number         0  __rtentry2.o ABSOLUTE
    ../clib/angel/rt.s                       0x00000000   Number         0  rt_raise.o ABSOLUTE
    ../clib/angel/rt.s                       0x00000000   Number         0  aeabi_idiv0_sigfpe.o ABSOLUTE
    ../clib/angel/rt.s                       0x00000000   Number         0  aeabi_ldiv0.o ABSOLUTE
    ../clib/angel/rt.s                       0x00000000   Number         0  rt_div0.o ABSOLUTE
    ../clib/angel/rt.s                       0x00000000   Number         0  aeabi_ldiv0_sigfpe.o ABSOLUTE
    ../clib/angel/rt.s                       0x00000000   Number         0  aeabi_idiv0.o ABSOLUTE
    ../clib/angel/scatterp.s                 0x00000000   Number         0  __scatter.o ABSOLUTE
    ../clib/angel/startup.s                  0x00000000   Number         0  __main.o ABSOLUTE
    ../clib/angel/sys.s                      0x00000000   Number         0  tempstk.o ABSOLUTE
    ../clib/angel/sys.s                      0x00000000   Number         0  indicate_semi.o ABSOLUTE
    ../clib/angel/sys.s                      0x00000000   Number         0  use_no_semi.o ABSOLUTE
    ../clib/angel/sys.s                      0x00000000   Number         0  sys_stackheap_outer.o ABSOLUTE
    ../clib/angel/sys.s                      0x00000000   Number         0  libspace.o ABSOLUTE
    ../clib/angel/sysapp.c                   0x00000000   Number         0  sys_wrch.o ABSOLUTE
    ../clib/angel/sysapp.c                   0x00000000   Number         0  sys_command.o ABSOLUTE
    ../clib/angel/sysapp.c                   0x00000000   Number         0  sys_exit.o ABSOLUTE
    ../clib/armsys.c                         0x00000000   Number         0  argv_veneer.o ABSOLUTE
    ../clib/armsys.c                         0x00000000   Number         0  _get_argv_nomalloc.o ABSOLUTE
    ../clib/armsys.c                         0x00000000   Number         0  no_argv.o ABSOLUTE
    ../clib/division.c                       0x00000000   Number         0  lludiv.o ABSOLUTE
    ../clib/division.s                       0x00000000   Number         0  aeabi_sdiv_div0.o ABSOLUTE
    ../clib/division.s                       0x00000000   Number         0  aeabi_sdiv.o ABSOLUTE
    ../clib/heapalloc.c                      0x00000000   Number         0  hrguard.o ABSOLUTE
    ../clib/heapaux.c                        0x00000000   Number         0  heapauxi.o ABSOLUTE
    ../clib/libinit.s                        0x00000000   Number         0  libshutdown2.o ABSOLUTE
    ../clib/libinit.s                        0x00000000   Number         0  libinit.o ABSOLUTE
    ../clib/libinit.s                        0x00000000   Number         0  libshutdown.o ABSOLUTE
    ../clib/libinit.s                        0x00000000   Number         0  libinit2.o ABSOLUTE
    ../clib/longlong.c                       0x00000000   Number         0  llmul.o ABSOLUTE
    ../clib/signal.c                         0x00000000   Number         0  defsig_abrt_inner.o ABSOLUTE
    ../clib/signal.c                         0x00000000   Number         0  defsig_rtmem_formal.o ABSOLUTE
    ../clib/signal.c                         0x00000000   Number         0  defsig_stak_inner.o ABSOLUTE
    ../clib/signal.c                         0x00000000   Number         0  defsig_pvfn_inner.o ABSOLUTE
    ../clib/signal.c                         0x00000000   Number         0  defsig_cppl_inner.o ABSOLUTE
    ../clib/signal.c                         0x00000000   Number         0  defsig_segv_inner.o ABSOLUTE
    ../clib/signal.c                         0x00000000   Number         0  defsig_general.o ABSOLUTE
    ../clib/signal.c                         0x00000000   Number         0  __raise.o ABSOLUTE
    ../clib/signal.c                         0x00000000   Number         0  defsig_other.o ABSOLUTE
    ../clib/signal.c                         0x00000000   Number         0  defsig_fpe_outer.o ABSOLUTE
    ../clib/signal.c                         0x00000000   Number         0  defsig_fpe_formal.o ABSOLUTE
    ../clib/signal.c                         0x00000000   Number         0  defsig_rtmem_outer.o ABSOLUTE
    ../clib/signal.c                         0x00000000   Number         0  defsig_exit.o ABSOLUTE
    ../clib/signal.c                         0x00000000   Number         0  defsig_fpe_inner.o ABSOLUTE
    ../clib/signal.c                         0x00000000   Number         0  defsig_rtmem_inner.o ABSOLUTE
    ../clib/signal.c                         0x00000000   Number         0  defsig_rtred_inner.o ABSOLUTE
    ../clib/signal.s                         0x00000000   Number         0  defsig.o ABSOLUTE
    ../clib/stdlib.c                         0x00000000   Number         0  exit.o ABSOLUTE
    ../fplib/cfplib/fpinit.c                 0x00000000   Number         0  fpinit.o ABSOLUTE
    ..\HAL_CM.c                              0x00000000   Number         0  hal_cm.o ABSOLUTE
    ..\\rt_CMSIS.c                           0x00000000   Number         0  rt_cmsis.o ABSOLUTE
    ..\\rt_System.c                          0x00000000   Number         0  rt_system.o ABSOLUTE
    ..\rt_CMSIS.c                            0x00000000   Number         0  rt_cmsis.o ABSOLUTE
    ..\rt_Event.c                            0x00000000   Number         0  rt_event.o ABSOLUTE
    ..\rt_List.c                             0x00000000   Number         0  rt_list.o ABSOLUTE
    ..\rt_Mailbox.c                          0x00000000   Number         0  rt_mailbox.o ABSOLUTE
    ..\rt_MemBox.c                           0x00000000   Number         0  rt_membox.o ABSOLUTE
    ..\rt_Memory.c                           0x00000000   Number         0  rt_memory.o ABSOLUTE
    ..\rt_Mutex.c                            0x00000000   Number         0  rt_mutex.o ABSOLUTE
    ..\rt_Robin.c                            0x00000000   Number         0  rt_robin.o ABSOLUTE
    ..\rt_Semaphore.c                        0x00000000   Number         0  rt_semaphore.o ABSOLUTE
    ..\rt_System.c                           0x00000000   Number         0  rt_system.o ABSOLUTE
    ..\rt_Task.c                             0x00000000   Number         0  rt_task.o ABSOLUTE
    ..\rt_Time.c                             0x00000000   Number         0  rt_time.o ABSOLUTE
    HAL_CM0.c                                0x00000000   Number         0  hal_cm0.o ABSOLUTE
    HAL_CM0.c                                0x00000000   Number         0  hal_cm0.o ABSOLUTE
    Listings\RTOS\Thread.c                   0x00000000   Number         0  thread.o ABSOLUTE
    Listings\RTOS\Thread_1.c                 0x00000000   Number         0  thread_1.o ABSOLUTE
    Listings\RTOS\main.c                     0x00000000   Number         0  main.o ABSOLUTE
    Listings\User\Delay.c                    0x00000000   Number         0  delay.o ABSOLUTE
    Listings\User\HD44780.c                  0x00000000   Number         0  hd44780.o ABSOLUTE
    Listings\User\LED.c                      0x00000000   Number         0  led.o ABSOLUTE
    Listings\User\Low_Level_Init.c           0x00000000   Number         0  low_level_init.o ABSOLUTE
    Listings\\RTOS\\Thread.c                 0x00000000   Number         0  thread.o ABSOLUTE
    Listings\\RTOS\\Thread_1.c               0x00000000   Number         0  thread_1.o ABSOLUTE
    Listings\\RTOS\\main.c                   0x00000000   Number         0  main.o ABSOLUTE
    Listings\\User\\Delay.c                  0x00000000   Number         0  delay.o ABSOLUTE
    Listings\\User\\HD44780.c                0x00000000   Number         0  hd44780.o ABSOLUTE
    Listings\\User\\LED.c                    0x00000000   Number         0  led.o ABSOLUTE
    Listings\\User\\Low_Level_Init.c         0x00000000   Number         0  low_level_init.o ABSOLUTE
    RTE\CMSIS\RTX_Conf_CM.c                  0x00000000   Number         0  rtx_conf_cm.o ABSOLUTE
    RTE\Device\MKL25Z128xxx4\startup_MKL25Z4.s 0x00000000   Number         0  startup_mkl25z4.o ABSOLUTE
    RTE\Device\MKL25Z128xxx4\system_MKL25Z4.c 0x00000000   Number         0  system_mkl25z4.o ABSOLUTE
    RTE\\CMSIS\\RTX_Conf_CM.c                0x00000000   Number         0  rtx_conf_cm.o ABSOLUTE
    RTE\\Device\\MKL25Z128xxx4\\system_MKL25Z4.c 0x00000000   Number         0  system_mkl25z4.o ABSOLUTE
    SVC_Table.s                              0x00000000   Number         0  svc_table.o ABSOLUTE
    dc.s                                     0x00000000   Number         0  dc.o ABSOLUTE
    !!!main                                  0x000000c0   Section        8  __main.o(!!!main)
    !!!scatter                               0x000000c8   Section       60  __scatter.o(!!!scatter)
    !!handler_copy                           0x00000104   Section       26  __scatter_copy.o(!!handler_copy)
    !!handler_zi                             0x00000120   Section       28  __scatter_zi.o(!!handler_zi)
    .ARM.Collect$$libinit$$00000000          0x0000013c   Section        2  libinit.o(.ARM.Collect$$libinit$$00000000)
    .ARM.Collect$$libinit$$00000002          0x0000013e   Section        0  libinit2.o(.ARM.Collect$$libinit$$00000002)
    .ARM.Collect$$libinit$$00000004          0x0000013e   Section        0  libinit2.o(.ARM.Collect$$libinit$$00000004)
    .ARM.Collect$$libinit$$0000000A          0x0000013e   Section        0  libinit2.o(.ARM.Collect$$libinit$$0000000A)
    .ARM.Collect$$libinit$$0000000C          0x0000013e   Section        0  libinit2.o(.ARM.Collect$$libinit$$0000000C)
    .ARM.Collect$$libinit$$0000000E          0x0000013e   Section        0  libinit2.o(.ARM.Collect$$libinit$$0000000E)
    .ARM.Collect$$libinit$$00000011          0x0000013e   Section        0  libinit2.o(.ARM.Collect$$libinit$$00000011)
    .ARM.Collect$$libinit$$00000013          0x0000013e   Section        0  libinit2.o(.ARM.Collect$$libinit$$00000013)
    .ARM.Collect$$libinit$$00000015          0x0000013e   Section        0  libinit2.o(.ARM.Collect$$libinit$$00000015)
    .ARM.Collect$$libinit$$00000017          0x0000013e   Section        0  libinit2.o(.ARM.Collect$$libinit$$00000017)
    .ARM.Collect$$libinit$$00000019          0x0000013e   Section        0  libinit2.o(.ARM.Collect$$libinit$$00000019)
    .ARM.Collect$$libinit$$0000001B          0x0000013e   Section        0  libinit2.o(.ARM.Collect$$libinit$$0000001B)
    .ARM.Collect$$libinit$$0000001D          0x0000013e   Section        0  libinit2.o(.ARM.Collect$$libinit$$0000001D)
    .ARM.Collect$$libinit$$0000001F          0x0000013e   Section        0  libinit2.o(.ARM.Collect$$libinit$$0000001F)
    .ARM.Collect$$libinit$$00000021          0x0000013e   Section        0  libinit2.o(.ARM.Collect$$libinit$$00000021)
    .ARM.Collect$$libinit$$00000023          0x0000013e   Section        0  libinit2.o(.ARM.Collect$$libinit$$00000023)
    .ARM.Collect$$libinit$$00000025          0x0000013e   Section        0  libinit2.o(.ARM.Collect$$libinit$$00000025)
    .ARM.Collect$$libinit$$0000002C          0x0000013e   Section        0  libinit2.o(.ARM.Collect$$libinit$$0000002C)
    .ARM.Collect$$libinit$$0000002E          0x0000013e   Section        0  libinit2.o(.ARM.Collect$$libinit$$0000002E)
    .ARM.Collect$$libinit$$00000030          0x0000013e   Section        0  libinit2.o(.ARM.Collect$$libinit$$00000030)
    .ARM.Collect$$libinit$$00000032          0x0000013e   Section        0  libinit2.o(.ARM.Collect$$libinit$$00000032)
    .ARM.Collect$$libinit$$00000033          0x0000013e   Section        2  libinit2.o(.ARM.Collect$$libinit$$00000033)
    .ARM.Collect$$libshutdown$$00000000      0x00000140   Section        2  libshutdown.o(.ARM.Collect$$libshutdown$$00000000)
    .ARM.Collect$$libshutdown$$00000003      0x00000142   Section        0  libshutdown2.o(.ARM.Collect$$libshutdown$$00000003)
    .ARM.Collect$$libshutdown$$00000006      0x00000142   Section        0  libshutdown2.o(.ARM.Collect$$libshutdown$$00000006)
    .ARM.Collect$$libshutdown$$00000009      0x00000142   Section        0  libshutdown2.o(.ARM.Collect$$libshutdown$$00000009)
    .ARM.Collect$$libshutdown$$0000000B      0x00000142   Section        0  libshutdown2.o(.ARM.Collect$$libshutdown$$0000000B)
    .ARM.Collect$$libshutdown$$0000000E      0x00000142   Section        0  libshutdown2.o(.ARM.Collect$$libshutdown$$0000000E)
    .ARM.Collect$$libshutdown$$0000000F      0x00000142   Section        2  libshutdown2.o(.ARM.Collect$$libshutdown$$0000000F)
    .ARM.Collect$$rtentry$$00000000          0x00000144   Section        0  __rtentry.o(.ARM.Collect$$rtentry$$00000000)
    .ARM.Collect$$rtentry$$00000002          0x00000144   Section        0  __rtentry2.o(.ARM.Collect$$rtentry$$00000002)
    .ARM.Collect$$rtentry$$00000004          0x00000144   Section        6  __rtentry4.o(.ARM.Collect$$rtentry$$00000004)
    .ARM.Collect$$rtentry$$00000009          0x0000014a   Section        0  __rtentry2.o(.ARM.Collect$$rtentry$$00000009)
    .ARM.Collect$$rtentry$$0000000A          0x0000014a   Section        4  __rtentry2.o(.ARM.Collect$$rtentry$$0000000A)
    .ARM.Collect$$rtentry$$0000000B          0x0000014e   Section        8  __rtentry2.o(.ARM.Collect$$rtentry$$0000000B)
    .ARM.Collect$$rtentry$$0000000D          0x00000156   Section        8  __rtentry2.o(.ARM.Collect$$rtentry$$0000000D)
    .ARM.Collect$$rtexit$$00000000           0x0000015e   Section        2  rtexit.o(.ARM.Collect$$rtexit$$00000000)
    .ARM.Collect$$rtexit$$00000002           0x00000160   Section        0  rtexit2.o(.ARM.Collect$$rtexit$$00000002)
    .ARM.Collect$$rtexit$$00000003           0x00000160   Section        4  rtexit2.o(.ARM.Collect$$rtexit$$00000003)
    .ARM.Collect$$rtexit$$00000004           0x00000164   Section        6  rtexit2.o(.ARM.Collect$$rtexit$$00000004)
    .emb_text                                0x0000016c   Section       28  rtx_conf_cm.o(.emb_text)
    .emb_text                                0x00000188   Section      356  hal_cm0.o(.emb_text)
    .text                                    0x000002ec   Section       52  startup_mkl25z4.o(.text)
    .text                                    0x00000320   Section        8  libspace.o(.text)
    .text                                    0x00000328   Section        0  llmul.o(.text)
    .text                                    0x00000358   Section        0  exit.o(.text)
    .text                                    0x00000364   Section        0  heapauxi.o(.text)
    .text                                    0x0000036c   Section        0  sys_exit.o(.text)
    .text                                    0x00000378   Section       62  sys_stackheap_outer.o(.text)
    .text                                    0x000003b6   Section        2  use_no_semi.o(.text)
    .text                                    0x000003b8   Section        0  indicate_semi.o(.text)
    SVC_TABLE                                0x000003b8   Section        4  svc_table.o(SVC_TABLE)
    i.Init_Thread                            0x000003bc   Section        0  thread.o(i.Init_Thread)
    i.Thread                                 0x000003e4   Section        0  thread.o(i.Thread)
    i.os_tick_irqack                         0x000003fe   Section        0  rt_system.o(i.os_tick_irqack)
    .ARM.__at_0x400                          0x00000400   Section       16  startup_mkl25z4.o(.ARM.__at_0x400)
    .text                                    0x00000410   Section        0  lludiv.o(.text)
    .text                                    0x00000512   Section      346  aeabi_sdiv.o(.text)
    i.Init_Thread_1                          0x0000066c   Section        0  thread_1.o(i.Init_Thread_1)
    i.LCD_IO_PutVal                          0x00000694   Section        0  hd44780.o(i.LCD_IO_PutVal)
    i.LCD_Init                               0x00000734   Section        0  hd44780.o(i.LCD_Init)
    i.LCD_WriteCommand                       0x000007b8   Section        0  hd44780.o(i.LCD_WriteCommand)
    i.LCD_WriteNibble                        0x000007f8   Section        0  hd44780.o(i.LCD_WriteNibble)
    i.LED_Initialization                     0x00000824   Section        0  led.o(i.LED_Initialization)
    i.RGB                                    0x00000920   Section        0  led.o(i.RGB)
    i.SystemInit                             0x00000994   Section        0  system_mkl25z4.o(i.SystemInit)
    i.Thread_1                               0x00000a58   Section        0  thread_1.o(i.Thread_1)
    i._delay_ms                              0x00000a74   Section        0  delay.o(i._delay_ms)
    i._init_box                              0x00000aac   Section        0  rt_membox.o(i._init_box)
    i._mutex_acquire                         0x00000af4   Section        0  rtx_conf_cm.o(i._mutex_acquire)
    __tagsym$$used                           0x00000af5   Number         0  rtx_conf_cm.o(i._mutex_acquire)
    i._mutex_release                         0x00000b18   Section        0  rtx_conf_cm.o(i._mutex_release)
    __tagsym$$used                           0x00000b19   Number         0  rtx_conf_cm.o(i._mutex_release)
    i.init_hardware                          0x00000b34   Section        0  low_level_init.o(i.init_hardware)
    i.isrMessageGet                          0x00000b58   Section        0  rt_cmsis.o(i.isrMessageGet)
    i.isrMessagePut                          0x00000b86   Section        0  rt_cmsis.o(i.isrMessagePut)
    i.isr_mbx_receive                        0x00000bb6   Section        0  rt_mailbox.o(i.isr_mbx_receive)
    i.isr_mbx_send                           0x00000bfc   Section        0  rt_mailbox.o(i.isr_mbx_send)
    i.main                                   0x00000c08   Section        0  main.o(i.main)
    i.osDelay                                0x00000c2c   Section        0  rt_cmsis.o(i.osDelay)
    i.osKernelInitialize                     0x00000c48   Section        0  rt_cmsis.o(i.osKernelInitialize)
    i.osKernelStart                          0x00000c70   Section        0  rt_cmsis.o(i.osKernelStart)
    i.osMessageGet                           0x00000cdc   Section        0  rt_cmsis.o(i.osMessageGet)
    i.osThreadCreate                         0x00000cf8   Section        0  rt_cmsis.o(i.osThreadCreate)
    i.osThreadExit                           0x00000d2c   Section        0  rt_cmsis.o(i.osThreadExit)
    i.osThreadYield                          0x00000d44   Section        0  rt_cmsis.o(i.osThreadYield)
    i.osTimerCall                            0x00000d60   Section        0  rt_cmsis.o(i.osTimerCall)
    i.osTimerThread                          0x00000d70   Section        0  rt_cmsis.o(i.osTimerThread)
    i.os_error                               0x00000d9c   Section        0  rtx_conf_cm.o(i.os_error)
    i.os_idle_demon                          0x00000dbc   Section        0  rtx_conf_cm.o(i.os_idle_demon)
    i.os_tick_init                           0x00000dc4   Section        0  rt_system.o(i.os_tick_init)
    i.rt_alloc_box                           0x00000df0   Section        0  rt_membox.o(i.rt_alloc_box)
    i.rt_alloc_mem                           0x00000e0e   Section        0  rt_memory.o(i.rt_alloc_mem)
    i.rt_block                               0x00000e50   Section        0  rt_task.o(i.rt_block)
    i.rt_chk_robin                           0x00000e88   Section        0  rt_robin.o(i.rt_chk_robin)
    i.rt_dec_dly                             0x00000ecc   Section        0  rt_list.o(i.rt_dec_dly)
    i.rt_dispatch                            0x00000f40   Section        0  rt_task.o(i.rt_dispatch)
    i.rt_dly_wait                            0x00000f80   Section        0  rt_time.o(i.rt_dly_wait)
    i.rt_evt_psh                             0x00000f8c   Section        0  rt_event.o(i.rt_evt_psh)
    i.rt_free_box                            0x00000fdc   Section        0  rt_membox.o(i.rt_free_box)
    i.rt_free_mem                            0x00001002   Section        0  rt_memory.o(i.rt_free_mem)
    i.rt_get_first                           0x00001032   Section        0  rt_list.o(i.rt_get_first)
    i.rt_get_same_rdy_prio                   0x0000105c   Section        0  rt_list.o(i.rt_get_same_rdy_prio)
    i.rt_id2obj                              0x00001080   Section        0  rt_cmsis.o(i.rt_id2obj)
    rt_id2obj                                0x00001081   Thumb Code     8  rt_cmsis.o(i.rt_id2obj)
    i.rt_init_context                        0x00001088   Section        0  rt_task.o(i.rt_init_context)
    rt_init_context                          0x00001089   Thumb Code    66  rt_task.o(i.rt_init_context)
    i.rt_init_mem                            0x000010d0   Section        0  rt_memory.o(i.rt_init_mem)
    i.rt_init_robin                          0x000010ec   Section        0  rt_robin.o(i.rt_init_robin)
    i.rt_init_stack                          0x00001104   Section        0  hal_cm.o(i.rt_init_stack)
    i.rt_mbx_check                           0x0000117c   Section        0  rt_mailbox.o(i.rt_mbx_check)
    i.rt_mbx_init                            0x00001184   Section        0  rt_mailbox.o(i.rt_mbx_init)
    i.rt_mbx_psh                             0x000011a8   Section        0  rt_mailbox.o(i.rt_mbx_psh)
    i.rt_mbx_wait                            0x00001278   Section        0  rt_mailbox.o(i.rt_mbx_wait)
    i.rt_ms2tick                             0x00001328   Section        0  rt_cmsis.o(i.rt_ms2tick)
    rt_ms2tick                               0x00001329   Thumb Code    48  rt_cmsis.o(i.rt_ms2tick)
    i.rt_mut_release                         0x00001364   Section        0  rt_mutex.o(i.rt_mut_release)
    i.rt_mut_wait                            0x0000143c   Section        0  rt_mutex.o(i.rt_mut_wait)
    i.rt_pop_req                             0x000014ac   Section        0  rt_system.o(i.rt_pop_req)
    i.rt_psh_req                             0x0000151c   Section        0  rt_system.o(i.rt_psh_req)
    i.rt_psq_enq                             0x0000153c   Section        0  rt_list.o(i.rt_psq_enq)
    i.rt_put_dly                             0x0000157c   Section        0  rt_list.o(i.rt_put_dly)
    i.rt_put_prio                            0x000015cc   Section        0  rt_list.o(i.rt_put_prio)
    i.rt_put_rdy_first                       0x00001608   Section        0  rt_list.o(i.rt_put_rdy_first)
    i.rt_resort_prio                         0x0000161c   Section        0  rt_list.o(i.rt_resort_prio)
    i.rt_ret_val                             0x0000164c   Section        0  hal_cm.o(i.rt_ret_val)
    i.rt_ret_val2                            0x00001652   Section        0  hal_cm.o(i.rt_ret_val2)
    i.rt_rmv_dly                             0x0000165a   Section        0  rt_list.o(i.rt_rmv_dly)
    i.rt_rmv_list                            0x00001684   Section        0  rt_list.o(i.rt_rmv_list)
    i.rt_sem_psh                             0x000016b8   Section        0  rt_semaphore.o(i.rt_sem_psh)
    i.rt_stk_check                           0x000016ec   Section        0  rt_system.o(i.rt_stk_check)
    i.rt_switch_req                          0x00001714   Section        0  rt_task.o(i.rt_switch_req)
    i.rt_sys_init                            0x00001724   Section        0  rt_task.o(i.rt_sys_init)
    i.rt_sys_start                           0x000017ec   Section        0  rt_task.o(i.rt_sys_start)
    i.rt_systick                             0x00001850   Section        0  rt_system.o(i.rt_systick)
    i.rt_tid2ptcb                            0x0000188c   Section        0  rt_cmsis.o(i.rt_tid2ptcb)
    rt_tid2ptcb                              0x0000188d   Thumb Code    18  rt_cmsis.o(i.rt_tid2ptcb)
    i.rt_timer_insert                        0x000018a0   Section        0  rt_cmsis.o(i.rt_timer_insert)
    rt_timer_insert                          0x000018a1   Thumb Code    52  rt_cmsis.o(i.rt_timer_insert)
    i.rt_tsk_create                          0x000018d8   Section        0  rt_task.o(i.rt_tsk_create)
    i.rt_tsk_delete                          0x00001948   Section        0  rt_task.o(i.rt_tsk_delete)
    i.rt_tsk_pass                            0x00001a84   Section        0  rt_task.o(i.rt_tsk_pass)
    i.rt_tsk_prio                            0x00001ab0   Section        0  rt_task.o(i.rt_tsk_prio)
    i.rt_tsk_self                            0x00001b30   Section        0  rt_task.o(i.rt_tsk_self)
    i.svcDelay                               0x00001b40   Section        0  rt_cmsis.o(i.svcDelay)
    i.svcKernelInitialize                    0x00001b54   Section        0  rt_cmsis.o(i.svcKernelInitialize)
    i.svcKernelStart                         0x00001bcc   Section        0  rt_cmsis.o(i.svcKernelStart)
    i.svcMessageCreate                       0x00001c18   Section        0  rt_cmsis.o(i.svcMessageCreate)
    i.svcMessageGet                          0x00001c42   Section        0  rt_cmsis.o(i.svcMessageGet)
    i.svcThreadCreate                        0x00001c80   Section        0  rt_cmsis.o(i.svcThreadCreate)
    i.svcThreadGetId                         0x00001cf8   Section        0  rt_cmsis.o(i.svcThreadGetId)
    i.svcThreadTerminate                     0x00001d14   Section        0  rt_cmsis.o(i.svcThreadTerminate)
    i.svcThreadYield                         0x00001d50   Section        0  rt_cmsis.o(i.svcThreadYield)
    i.svcTimerCall                           0x00001d5a   Section        0  rt_cmsis.o(i.svcTimerCall)
    i.sysTimerTick                           0x00001d78   Section        0  rt_cmsis.o(i.sysTimerTick)
    .constdata                               0x00001dd0   Section       16  thread.o(.constdata)
    .constdata                               0x00001de0   Section       16  thread_1.o(.constdata)
    .constdata                               0x00001df0   Section       86  rtx_conf_cm.o(.constdata)
    __tagsym$$used                           0x00001e0c   Number         0  rtx_conf_cm.o(.constdata)
    __tagsym$$used                           0x00001e10   Number         0  rtx_conf_cm.o(.constdata)
    __tagsym$$used                           0x00001e14   Number         0  rtx_conf_cm.o(.constdata)
    __tagsym$$used                           0x00001e18   Number         0  rtx_conf_cm.o(.constdata)
    .data                                    0x1ffff000   Section        4  thread.o(.data)
    .data                                    0x1ffff004   Section        4  thread_1.o(.data)
    .data                                    0x1ffff008   Section       36  rtx_conf_cm.o(.data)
    nr_mutex                                 0x1ffff018   Data           4  rtx_conf_cm.o(.data)
    .data                                    0x1ffff02c   Section        4  system_mkl25z4.o(.data)
    .data                                    0x1ffff030   Section        8  rt_cmsis.o(.data)
    .data                                    0x1ffff038   Section        8  rt_task.o(.data)
    .data                                    0x1ffff040   Section        8  rt_system.o(.data)
    os_lock                                  0x1ffff040   Data           1  rt_system.o(.data)
    os_psh_flag                              0x1ffff041   Data           1  rt_system.o(.data)
    pend_flags                               0x1ffff042   Data           1  rt_system.o(.data)
    .data                                    0x1ffff048   Section        4  rt_time.o(.data)
    .data                                    0x1ffff04c   Section        8  rt_robin.o(.data)
    .bss                                     0x1ffff058   Section     3016  rtx_conf_cm.o(.bss)
    std_libspace                             0x1ffff900   Data         672  rtx_conf_cm.o(.bss)
    std_libmutex                             0x1ffffba0   Data         128  rtx_conf_cm.o(.bss)
    .bss                                     0x1ffffc20   Section       52  rt_task.o(.bss)
    .bss                                     0x1ffffc54   Section       48  rt_list.o(.bss)
    .bss                                     0x1ffffc84   Section       96  libspace.o(.bss)
    HEAP                                     0x1ffffce8   Section        0  startup_mkl25z4.o(HEAP)
    STACK                                    0x1ffffce8   Section     1024  startup_mkl25z4.o(STACK)
    Heap_Mem                                 0x1ffffce8   Data           0  startup_mkl25z4.o(HEAP)
    Stack_Mem                                0x1ffffce8   Data        1024  startup_mkl25z4.o(STACK)
    __initial_sp                             0x200000e8   Data           0  startup_mkl25z4.o(STACK)

    Global Symbols

    Symbol Name                              Value     Ov Type        Size  Object(Section)

    BuildAttributes$$THM_ISAv3M$S$PE$A:L22$X:L11$S22$IEEE1$IW$USESV6$~STKCKD$USESV7$~SHL$OSPACE$ROPI$EBA8$UX$STANDARDLIB$REQ8$PRES8$EABIv2 0x00000000   Number         0  anon$$obj.o ABSOLUTE
    __ARM_use_no_argv                        0x00000000   Number         0  main.o ABSOLUTE
    __Vectors                                0x00000000   Data           4  startup_mkl25z4.o(RESET)
    __ARM_exceptions_init                     - Undefined Weak Reference
    __alloca_initialize                       - Undefined Weak Reference
    __arm_preinit_                            - Undefined Weak Reference
    __cpp_initialize__aeabi_                  - Undefined Weak Reference
    __cxa_finalize                            - Undefined Weak Reference
    __rt_locale                               - Undefined Weak Reference
    __sigvec_lookup                           - Undefined Weak Reference
    _atexit_init                              - Undefined Weak Reference
    _call_atexit_fns                          - Undefined Weak Reference
    _clock_init                               - Undefined Weak Reference
    _fp_trap_init                             - Undefined Weak Reference
    _fp_trap_shutdown                         - Undefined Weak Reference
    _get_lc_collate                           - Undefined Weak Reference
    _get_lc_ctype                             - Undefined Weak Reference
    _get_lc_monetary                          - Undefined Weak Reference
    _get_lc_numeric                           - Undefined Weak Reference
    _get_lc_time                              - Undefined Weak Reference
    _getenv_init                              - Undefined Weak Reference
    _handle_redirection                       - Undefined Weak Reference
    _init_alloc                               - Undefined Weak Reference
    _init_user_alloc                          - Undefined Weak Reference
    _initio                                   - Undefined Weak Reference
    _rand_init                                - Undefined Weak Reference
    _signal_finish                            - Undefined Weak Reference
    _signal_init                              - Undefined Weak Reference
    _terminate_alloc                          - Undefined Weak Reference
    _terminate_user_alloc                     - Undefined Weak Reference
    _terminateio                              - Undefined Weak Reference
    __Vectors_End                            0x000000c0   Data           0  startup_mkl25z4.o(RESET)
    __Vectors_Size                           0x000000c0   Number         0  startup_mkl25z4.o ABSOLUTE
    __main                                   0x000000c1   Thumb Code     8  __main.o(!!!main)
    __scatterload                            0x000000c9   Thumb Code     0  __scatter.o(!!!scatter)
    __scatterload_rt2                        0x000000c9   Thumb Code    52  __scatter.o(!!!scatter)
    __scatterload_rt2_thumb_only             0x000000c9   Thumb Code     0  __scatter.o(!!!scatter)
    __scatterload_null                       0x000000d9   Thumb Code     0  __scatter.o(!!!scatter)
    __scatterload_copy                       0x00000105   Thumb Code    26  __scatter_copy.o(!!handler_copy)
    __scatterload_zeroinit                   0x00000121   Thumb Code    28  __scatter_zi.o(!!handler_zi)
    __rt_lib_init                            0x0000013d   Thumb Code     0  libinit.o(.ARM.Collect$$libinit$$00000000)
    __rt_lib_init_alloca_1                   0x0000013f   Thumb Code     0  libinit2.o(.ARM.Collect$$libinit$$0000002E)
    __rt_lib_init_argv_1                     0x0000013f   Thumb Code     0  libinit2.o(.ARM.Collect$$libinit$$0000002C)
    __rt_lib_init_atexit_1                   0x0000013f   Thumb Code     0  libinit2.o(.ARM.Collect$$libinit$$0000001B)
    __rt_lib_init_clock_1                    0x0000013f   Thumb Code     0  libinit2.o(.ARM.Collect$$libinit$$00000021)
    __rt_lib_init_cpp_1                      0x0000013f   Thumb Code     0  libinit2.o(.ARM.Collect$$libinit$$00000032)
    __rt_lib_init_exceptions_1               0x0000013f   Thumb Code     0  libinit2.o(.ARM.Collect$$libinit$$00000030)
    __rt_lib_init_fp_1                       0x0000013f   Thumb Code     0  libinit2.o(.ARM.Collect$$libinit$$00000002)
    __rt_lib_init_fp_trap_1                  0x0000013f   Thumb Code     0  libinit2.o(.ARM.Collect$$libinit$$0000001F)
    __rt_lib_init_getenv_1                   0x0000013f   Thumb Code     0  libinit2.o(.ARM.Collect$$libinit$$00000023)
    __rt_lib_init_heap_1                     0x0000013f   Thumb Code     0  libinit2.o(.ARM.Collect$$libinit$$0000000A)
    __rt_lib_init_lc_collate_1               0x0000013f   Thumb Code     0  libinit2.o(.ARM.Collect$$libinit$$00000011)
    __rt_lib_init_lc_ctype_1                 0x0000013f   Thumb Code     0  libinit2.o(.ARM.Collect$$libinit$$00000013)
    __rt_lib_init_lc_monetary_1              0x0000013f   Thumb Code     0  libinit2.o(.ARM.Collect$$libinit$$00000015)
    __rt_lib_init_lc_numeric_1               0x0000013f   Thumb Code     0  libinit2.o(.ARM.Collect$$libinit$$00000017)
    __rt_lib_init_lc_time_1                  0x0000013f   Thumb Code     0  libinit2.o(.ARM.Collect$$libinit$$00000019)
    __rt_lib_init_preinit_1                  0x0000013f   Thumb Code     0  libinit2.o(.ARM.Collect$$libinit$$00000004)
    __rt_lib_init_rand_1                     0x0000013f   Thumb Code     0  libinit2.o(.ARM.Collect$$libinit$$0000000E)
    __rt_lib_init_return                     0x0000013f   Thumb Code     0  libinit2.o(.ARM.Collect$$libinit$$00000033)
    __rt_lib_init_signal_1                   0x0000013f   Thumb Code     0  libinit2.o(.ARM.Collect$$libinit$$0000001D)
    __rt_lib_init_stdio_1                    0x0000013f   Thumb Code     0  libinit2.o(.ARM.Collect$$libinit$$00000025)
    __rt_lib_init_user_alloc_1               0x0000013f   Thumb Code     0  libinit2.o(.ARM.Collect$$libinit$$0000000C)
    __rt_lib_shutdown                        0x00000141   Thumb Code     0  libshutdown.o(.ARM.Collect$$libshutdown$$00000000)
    __rt_lib_shutdown_fp_trap_1              0x00000143   Thumb Code     0  libshutdown2.o(.ARM.Collect$$libshutdown$$00000006)
    __rt_lib_shutdown_heap_1                 0x00000143   Thumb Code     0  libshutdown2.o(.ARM.Collect$$libshutdown$$0000000E)
    __rt_lib_shutdown_return                 0x00000143   Thumb Code     0  libshutdown2.o(.ARM.Collect$$libshutdown$$0000000F)
    __rt_lib_shutdown_signal_1               0x00000143   Thumb Code     0  libshutdown2.o(.ARM.Collect$$libshutdown$$00000009)
    __rt_lib_shutdown_stdio_1                0x00000143   Thumb Code     0  libshutdown2.o(.ARM.Collect$$libshutdown$$00000003)
    __rt_lib_shutdown_user_alloc_1           0x00000143   Thumb Code     0  libshutdown2.o(.ARM.Collect$$libshutdown$$0000000B)
    __rt_entry                               0x00000145   Thumb Code     0  __rtentry.o(.ARM.Collect$$rtentry$$00000000)
    __rt_entry_presh_1                       0x00000145   Thumb Code     0  __rtentry2.o(.ARM.Collect$$rtentry$$00000002)
    __rt_entry_sh                            0x00000145   Thumb Code     0  __rtentry4.o(.ARM.Collect$$rtentry$$00000004)
    __rt_entry_li                            0x0000014b   Thumb Code     0  __rtentry2.o(.ARM.Collect$$rtentry$$0000000A)
    __rt_entry_postsh_1                      0x0000014b   Thumb Code     0  __rtentry2.o(.ARM.Collect$$rtentry$$00000009)
    __rt_entry_postli_1                      0x0000014f   Thumb Code     0  __rtentry2.o(.ARM.Collect$$rtentry$$0000000B)
    __rt_entry_main                          0x00000157   Thumb Code     0  __rtentry2.o(.ARM.Collect$$rtentry$$0000000D)
    __rt_exit                                0x0000015f   Thumb Code     0  rtexit.o(.ARM.Collect$$rtexit$$00000000)
    __rt_exit_ls                             0x00000161   Thumb Code     0  rtexit2.o(.ARM.Collect$$rtexit$$00000003)
    __rt_exit_prels_1                        0x00000161   Thumb Code     0  rtexit2.o(.ARM.Collect$$rtexit$$00000002)
    __rt_exit_exit                           0x00000165   Thumb Code     0  rtexit2.o(.ARM.Collect$$rtexit$$00000004)
    _platform_post_lib_init                  0x0000016d   Thumb Code    24  rtx_conf_cm.o(.emb_text)
    rt_set_PSP                               0x00000189   Thumb Code     6  hal_cm0.o(.emb_text)
    rt_get_PSP                               0x0000018f   Thumb Code     6  hal_cm0.o(.emb_text)
    os_set_env                               0x00000195   Thumb Code    32  hal_cm0.o(.emb_text)
    _alloc_box                               0x000001b9   Thumb Code    28  hal_cm0.o(.emb_text)
    _free_box                                0x000001d9   Thumb Code    28  hal_cm0.o(.emb_text)
    SVC_Handler                              0x000001f9   Thumb Code   136  hal_cm0.o(.emb_text)
    PendSV_Handler                           0x0000028d   Thumb Code    72  hal_cm0.o(.emb_text)
    SysTick_Handler                          0x000002d9   Thumb Code     8  hal_cm0.o(.emb_text)
    OS_Tick_Handler                          0x000002e1   Thumb Code    12  hal_cm0.o(.emb_text)
    Reset_Handler                            0x000002ed   Thumb Code     8  startup_mkl25z4.o(.text)
    NMI_Handler                              0x000002f5   Thumb Code     2  startup_mkl25z4.o(.text)
    HardFault_Handler                        0x000002f7   Thumb Code     2  startup_mkl25z4.o(.text)
    ADC0_IRQHandler                          0x000002ff   Thumb Code     0  startup_mkl25z4.o(.text)
    CMP0_IRQHandler                          0x000002ff   Thumb Code     0  startup_mkl25z4.o(.text)
    DAC0_IRQHandler                          0x000002ff   Thumb Code     0  startup_mkl25z4.o(.text)
    DMA0_IRQHandler                          0x000002ff   Thumb Code     0  startup_mkl25z4.o(.text)
    DMA1_IRQHandler                          0x000002ff   Thumb Code     0  startup_mkl25z4.o(.text)
    DMA2_IRQHandler                          0x000002ff   Thumb Code     0  startup_mkl25z4.o(.text)
    DMA3_IRQHandler                          0x000002ff   Thumb Code     0  startup_mkl25z4.o(.text)
    DefaultISR                               0x000002ff   Thumb Code     0  startup_mkl25z4.o(.text)
    FTFA_IRQHandler                          0x000002ff   Thumb Code     0  startup_mkl25z4.o(.text)
    I2C0_IRQHandler                          0x000002ff   Thumb Code     0  startup_mkl25z4.o(.text)
    I2C1_IRQHandler                          0x000002ff   Thumb Code     0  startup_mkl25z4.o(.text)
    LLW_IRQHandler                           0x000002ff   Thumb Code     0  startup_mkl25z4.o(.text)
    LPTimer_IRQHandler                       0x000002ff   Thumb Code     0  startup_mkl25z4.o(.text)
    LVD_LVW_IRQHandler                       0x000002ff   Thumb Code     0  startup_mkl25z4.o(.text)
    MCG_IRQHandler                           0x000002ff   Thumb Code     0  startup_mkl25z4.o(.text)
    PIT_IRQHandler                           0x000002ff   Thumb Code     0  startup_mkl25z4.o(.text)
    PORTA_IRQHandler                         0x000002ff   Thumb Code     0  startup_mkl25z4.o(.text)
    PORTD_IRQHandler                         0x000002ff   Thumb Code     0  startup_mkl25z4.o(.text)
    RTC_IRQHandler                           0x000002ff   Thumb Code     0  startup_mkl25z4.o(.text)
    RTC_Seconds_IRQHandler                   0x000002ff   Thumb Code     0  startup_mkl25z4.o(.text)
    Reserved20_IRQHandler                    0x000002ff   Thumb Code     0  startup_mkl25z4.o(.text)
    Reserved39_IRQHandler                    0x000002ff   Thumb Code     0  startup_mkl25z4.o(.text)
    Reserved45_IRQHandler                    0x000002ff   Thumb Code     0  startup_mkl25z4.o(.text)
    SPI0_IRQHandler                          0x000002ff   Thumb Code     0  startup_mkl25z4.o(.text)
    SPI1_IRQHandler                          0x000002ff   Thumb Code     0  startup_mkl25z4.o(.text)
    TPM0_IRQHandler                          0x000002ff   Thumb Code     0  startup_mkl25z4.o(.text)
    TPM1_IRQHandler                          0x000002ff   Thumb Code     0  startup_mkl25z4.o(.text)
    TPM2_IRQHandler                          0x000002ff   Thumb Code     0  startup_mkl25z4.o(.text)
    TSI0_IRQHandler                          0x000002ff   Thumb Code     0  startup_mkl25z4.o(.text)
    UART0_IRQHandler                         0x000002ff   Thumb Code     0  startup_mkl25z4.o(.text)
    UART1_IRQHandler                         0x000002ff   Thumb Code     0  startup_mkl25z4.o(.text)
    UART2_IRQHandler                         0x000002ff   Thumb Code     0  startup_mkl25z4.o(.text)
    USB0_IRQHandler                          0x000002ff   Thumb Code     0  startup_mkl25z4.o(.text)
    __user_initial_stackheap                 0x00000301   Thumb Code     0  startup_mkl25z4.o(.text)
    __user_libspace                          0x00000321   Thumb Code     8  libspace.o(.text)
    __user_perproc_libspace                  0x00000321   Thumb Code     0  libspace.o(.text)
    __aeabi_lmul                             0x00000329   Thumb Code    48  llmul.o(.text)
    _ll_mul                                  0x00000329   Thumb Code     0  llmul.o(.text)
    exit                                     0x00000359   Thumb Code    12  exit.o(.text)
    __use_two_region_memory                  0x00000365   Thumb Code     2  heapauxi.o(.text)
    __rt_heap_escrow$2region                 0x00000367   Thumb Code     2  heapauxi.o(.text)
    __rt_heap_expand$2region                 0x00000369   Thumb Code     2  heapauxi.o(.text)
    _sys_exit                                0x0000036d   Thumb Code     8  sys_exit.o(.text)
    __user_setup_stackheap                   0x00000379   Thumb Code    62  sys_stackheap_outer.o(.text)
    __I$use$semihosting                      0x000003b7   Thumb Code     0  use_no_semi.o(.text)
    __use_no_semihosting_swi                 0x000003b7   Thumb Code     2  use_no_semi.o(.text)
    SVC_Count                                0x000003b8   Data           4  svc_table.o(SVC_TABLE)
    __semihosting_library_function           0x000003b9   Thumb Code     0  indicate_semi.o(.text)
    Init_Thread                              0x000003bd   Thumb Code    30  thread.o(i.Init_Thread)
    SVC_Table                                0x000003bc   Data           0  svc_table.o(SVC_TABLE)
    Thread                                   0x000003e5   Thumb Code    26  thread.o(i.Thread)
    os_tick_irqack                           0x000003ff   Thumb Code     2  rt_system.o(i.os_tick_irqack)
    __aeabi_uldivmod                         0x00000411   Thumb Code   258  lludiv.o(.text)
    _ll_udiv                                 0x00000411   Thumb Code     0  lludiv.o(.text)
    __RL_RTX_VER                             0x00000478   Number         0  rt_system.o ABSOLUTE
    __aeabi_uidiv                            0x00000513   Thumb Code     0  aeabi_sdiv.o(.text)
    __aeabi_uidivmod                         0x00000513   Thumb Code    20  aeabi_sdiv.o(.text)
    __aeabi_idiv                             0x00000527   Thumb Code     0  aeabi_sdiv.o(.text)
    __aeabi_idivmod                          0x00000527   Thumb Code   326  aeabi_sdiv.o(.text)
    Init_Thread_1                            0x0000066d   Thumb Code    30  thread_1.o(i.Init_Thread_1)
    LCD_IO_PutVal                            0x00000695   Thumb Code   154  hd44780.o(i.LCD_IO_PutVal)
    LCD_Init                                 0x00000735   Thumb Code   118  hd44780.o(i.LCD_Init)
    LCD_WriteCommand                         0x000007b9   Thumb Code    60  hd44780.o(i.LCD_WriteCommand)
    LCD_WriteNibble                          0x000007f9   Thumb Code    40  hd44780.o(i.LCD_WriteNibble)
    LED_Initialization                       0x00000825   Thumb Code   238  led.o(i.LED_Initialization)
    RGB                                      0x00000921   Thumb Code   110  led.o(i.RGB)
    SystemInit                               0x00000995   Thumb Code   168  system_mkl25z4.o(i.SystemInit)
    Thread_1                                 0x00000a59   Thumb Code    26  thread_1.o(i.Thread_1)
    _delay_ms                                0x00000a75   Thumb Code    48  delay.o(i._delay_ms)
    _init_box                                0x00000aad   Thumb Code    72  rt_membox.o(i._init_box)
    _mutex_acquire                           0x00000af5   Thumb Code    22  rtx_conf_cm.o(i._mutex_acquire)
    _mutex_release                           0x00000b19   Thumb Code    20  rtx_conf_cm.o(i._mutex_release)
    init_hardware                            0x00000b35   Thumb Code    30  low_level_init.o(i.init_hardware)
    isrMessageGet                            0x00000b59   Thumb Code    46  rt_cmsis.o(i.isrMessageGet)
    isrMessagePut                            0x00000b87   Thumb Code    48  rt_cmsis.o(i.isrMessagePut)
    isr_mbx_receive                          0x00000bb7   Thumb Code    70  rt_mailbox.o(i.isr_mbx_receive)
    isr_mbx_send                             0x00000bfd   Thumb Code    12  rt_mailbox.o(i.isr_mbx_send)
    main                                     0x00000c09   Thumb Code    34  main.o(i.main)
    osDelay                                  0x00000c2d   Thumb Code    22  rt_cmsis.o(i.osDelay)
    osKernelInitialize                       0x00000c49   Thumb Code    36  rt_cmsis.o(i.osKernelInitialize)
    osKernelStart                            0x00000c71   Thumb Code   100  rt_cmsis.o(i.osKernelStart)
    osMessageGet                             0x00000cdd   Thumb Code    24  rt_cmsis.o(i.osMessageGet)
    osThreadCreate                           0x00000cf9   Thumb Code    44  rt_cmsis.o(i.osThreadCreate)
    osThreadExit                             0x00000d2d   Thumb Code    14  rt_cmsis.o(i.osThreadExit)
    osThreadYield                            0x00000d45   Thumb Code    22  rt_cmsis.o(i.osThreadYield)
    osTimerCall                              0x00000d61   Thumb Code    10  rt_cmsis.o(i.osTimerCall)
    osTimerThread                            0x00000d71   Thumb Code    38  rt_cmsis.o(i.osTimerThread)
    os_error                                 0x00000d9d   Thumb Code    32  rtx_conf_cm.o(i.os_error)
    os_idle_demon                            0x00000dbd   Thumb Code     6  rtx_conf_cm.o(i.os_idle_demon)
    os_tick_init                             0x00000dc5   Thumb Code    32  rt_system.o(i.os_tick_init)
    rt_alloc_box                             0x00000df1   Thumb Code    30  rt_membox.o(i.rt_alloc_box)
    rt_alloc_mem                             0x00000e0f   Thumb Code    66  rt_memory.o(i.rt_alloc_mem)
    rt_block                                 0x00000e51   Thumb Code    42  rt_task.o(i.rt_block)
    rt_chk_robin                             0x00000e89   Thumb Code    56  rt_robin.o(i.rt_chk_robin)
    rt_dec_dly                               0x00000ecd   Thumb Code   108  rt_list.o(i.rt_dec_dly)
    rt_dispatch                              0x00000f41   Thumb Code    56  rt_task.o(i.rt_dispatch)
    rt_dly_wait                              0x00000f81   Thumb Code    10  rt_time.o(i.rt_dly_wait)
    rt_evt_psh                               0x00000f8d   Thumb Code    74  rt_event.o(i.rt_evt_psh)
    rt_free_box                              0x00000fdd   Thumb Code    38  rt_membox.o(i.rt_free_box)
    rt_free_mem                              0x00001003   Thumb Code    48  rt_memory.o(i.rt_free_mem)
    rt_get_first                             0x00001033   Thumb Code    42  rt_list.o(i.rt_get_first)
    rt_get_same_rdy_prio                     0x0000105d   Thumb Code    26  rt_list.o(i.rt_get_same_rdy_prio)
    rt_init_mem                              0x000010d1   Thumb Code    28  rt_memory.o(i.rt_init_mem)
    rt_init_robin                            0x000010ed   Thumb Code    14  rt_robin.o(i.rt_init_robin)
    rt_init_stack                            0x00001105   Thumb Code   106  hal_cm.o(i.rt_init_stack)
    rt_mbx_check                             0x0000117d   Thumb Code     8  rt_mailbox.o(i.rt_mbx_check)
    rt_mbx_init                              0x00001185   Thumb Code    30  rt_mailbox.o(i.rt_mbx_init)
    rt_mbx_psh                               0x000011a9   Thumb Code   204  rt_mailbox.o(i.rt_mbx_psh)
    rt_mbx_wait                              0x00001279   Thumb Code   170  rt_mailbox.o(i.rt_mbx_wait)
    rt_mut_release                           0x00001365   Thumb Code   206  rt_mutex.o(i.rt_mut_release)
    rt_mut_wait                              0x0000143d   Thumb Code   106  rt_mutex.o(i.rt_mut_wait)
    rt_pop_req                               0x000014ad   Thumb Code   100  rt_system.o(i.rt_pop_req)
    rt_psh_req                               0x0000151d   Thumb Code    24  rt_system.o(i.rt_psh_req)
    rt_psq_enq                               0x0000153d   Thumb Code    60  rt_list.o(i.rt_psq_enq)
    rt_put_dly                               0x0000157d   Thumb Code    74  rt_list.o(i.rt_put_dly)
    rt_put_prio                              0x000015cd   Thumb Code    60  rt_list.o(i.rt_put_prio)
    rt_put_rdy_first                         0x00001609   Thumb Code    14  rt_list.o(i.rt_put_rdy_first)
    rt_resort_prio                           0x0000161d   Thumb Code    44  rt_list.o(i.rt_resort_prio)
    rt_ret_val                               0x0000164d   Thumb Code     6  hal_cm.o(i.rt_ret_val)
    rt_ret_val2                              0x00001653   Thumb Code     8  hal_cm.o(i.rt_ret_val2)
    rt_rmv_dly                               0x0000165b   Thumb Code    42  rt_list.o(i.rt_rmv_dly)
    rt_rmv_list                              0x00001685   Thumb Code    46  rt_list.o(i.rt_rmv_list)
    rt_sem_psh                               0x000016b9   Thumb Code    48  rt_semaphore.o(i.rt_sem_psh)
    rt_stk_check                             0x000016ed   Thumb Code    30  rt_system.o(i.rt_stk_check)
    rt_switch_req                            0x00001715   Thumb Code    10  rt_task.o(i.rt_switch_req)
    rt_sys_init                              0x00001725   Thumb Code   134  rt_task.o(i.rt_sys_init)
    rt_sys_start                             0x000017ed   Thumb Code    82  rt_task.o(i.rt_sys_start)
    rt_systick                               0x00001851   Thumb Code    48  rt_system.o(i.rt_systick)
    rt_tsk_create                            0x000018d9   Thumb Code   100  rt_task.o(i.rt_tsk_create)
    rt_tsk_delete                            0x00001949   Thumb Code   290  rt_task.o(i.rt_tsk_delete)
    rt_tsk_pass                              0x00001a85   Thumb Code    34  rt_task.o(i.rt_tsk_pass)
    rt_tsk_prio                              0x00001ab1   Thumb Code   112  rt_task.o(i.rt_tsk_prio)
    rt_tsk_self                              0x00001b31   Thumb Code    12  rt_task.o(i.rt_tsk_self)
    svcDelay                                 0x00001b41   Thumb Code    20  rt_cmsis.o(i.svcDelay)
    svcKernelInitialize                      0x00001b55   Thumb Code    86  rt_cmsis.o(i.svcKernelInitialize)
    svcKernelStart                           0x00001bcd   Thumb Code    66  rt_cmsis.o(i.svcKernelStart)
    svcMessageCreate                         0x00001c19   Thumb Code    42  rt_cmsis.o(i.svcMessageCreate)
    svcMessageGet                            0x00001c43   Thumb Code    60  rt_cmsis.o(i.svcMessageGet)
    svcThreadCreate                          0x00001c81   Thumb Code   106  rt_cmsis.o(i.svcThreadCreate)
    svcThreadGetId                           0x00001cf9   Thumb Code    22  rt_cmsis.o(i.svcThreadGetId)
    svcThreadTerminate                       0x00001d15   Thumb Code    56  rt_cmsis.o(i.svcThreadTerminate)
    svcThreadYield                           0x00001d51   Thumb Code    10  rt_cmsis.o(i.svcThreadYield)
    svcTimerCall                             0x00001d5b   Thumb Code    28  rt_cmsis.o(i.svcTimerCall)
    sysTimerTick                             0x00001d79   Thumb Code    78  rt_cmsis.o(i.sysTimerTick)
    os_thread_def_Thread                     0x00001dd0   Data          16  thread.o(.constdata)
    os_thread_def_Thread_1                   0x00001de0   Data          16  thread_1.o(.constdata)
    os_maxtaskrun                            0x00001df0   Data           2  rtx_conf_cm.o(.constdata)
    os_stackinfo                             0x00001df4   Data           4  rtx_conf_cm.o(.constdata)
    os_rrobin                                0x00001df8   Data           4  rtx_conf_cm.o(.constdata)
    os_tickfreq                              0x00001dfc   Data           4  rtx_conf_cm.o(.constdata)
    os_tickus_i                              0x00001e00   Data           2  rtx_conf_cm.o(.constdata)
    os_tickus_f                              0x00001e02   Data           2  rtx_conf_cm.o(.constdata)
    os_trv                                   0x00001e04   Data           4  rtx_conf_cm.o(.constdata)
    os_flags                                 0x00001e08   Data           1  rtx_conf_cm.o(.constdata)
    CMSIS_RTOS_API_Version                   0x00001e0c   Data           4  rtx_conf_cm.o(.constdata)
    CMSIS_RTOS_RTX_Version                   0x00001e10   Data           4  rtx_conf_cm.o(.constdata)
    os_clockrate                             0x00001e14   Data           4  rtx_conf_cm.o(.constdata)
    os_timernum                              0x00001e18   Data           4  rtx_conf_cm.o(.constdata)
    mp_tcb_size                              0x00001e1c   Data           2  rtx_conf_cm.o(.constdata)
    mp_stk_size                              0x00001e20   Data           4  rtx_conf_cm.o(.constdata)
    os_stack_sz                              0x00001e24   Data           4  rtx_conf_cm.o(.constdata)
    os_fifo_size                             0x00001e28   Data           1  rtx_conf_cm.o(.constdata)
    os_thread_def_osTimerThread              0x00001e2c   Data          16  rtx_conf_cm.o(.constdata)
    os_messageQ_def_osTimerMessageQ          0x00001e3c   Data           8  rtx_conf_cm.o(.constdata)
    mp_tmr_size                              0x00001e44   Data           2  rtx_conf_cm.o(.constdata)
    Region$$Table$$Base                      0x00001e48   Number         0  anon$$obj.o(Region$$Table)
    Region$$Table$$Limit                     0x00001e68   Number         0  anon$$obj.o(Region$$Table)
    tid_Thread                               0x1ffff000   Data           4  thread.o(.data)
    tid_Thread_1                             0x1ffff004   Data           4  thread_1.o(.data)
    osThreadId_osTimerThread                 0x1ffff008   Data           4  rtx_conf_cm.o(.data)
    osMessageQId_osTimerMessageQ             0x1ffff00c   Data           4  rtx_conf_cm.o(.data)
    os_tmr                                   0x1ffff010   Data           4  rtx_conf_cm.o(.data)
    m_tmr                                    0x1ffff014   Data           4  rtx_conf_cm.o(.data)
    os_thread_def_main                       0x1ffff01c   Data          16  rtx_conf_cm.o(.data)
    SystemCoreClock                          0x1ffff02c   Data           4  system_mkl25z4.o(.data)
    os_initialized                           0x1ffff030   Data           1  rt_cmsis.o(.data)
    os_running                               0x1ffff031   Data           1  rt_cmsis.o(.data)
    os_timer_head                            0x1ffff034   Data           4  rt_cmsis.o(.data)
    os_tsk                                   0x1ffff038   Data           8  rt_task.o(.data)
    os_tick_irqn                             0x1ffff044   Data           4  rt_system.o(.data)
    os_time                                  0x1ffff048   Data           4  rt_time.o(.data)
    os_robin                                 0x1ffff04c   Data           8  rt_robin.o(.data)
    mp_tcb                                   0x1ffff058   Data         376  rtx_conf_cm.o(.bss)
    mp_stk                                   0x1ffff1d0   Data        1216  rtx_conf_cm.o(.bss)
    os_stack_mem                             0x1ffff690   Data         432  rtx_conf_cm.o(.bss)
    os_fifo                                  0x1ffff840   Data         132  rtx_conf_cm.o(.bss)
    os_active_TCB                            0x1ffff8c4   Data          28  rtx_conf_cm.o(.bss)
    os_messageQ_q_osTimerMessageQ            0x1ffff8e0   Data          32  rtx_conf_cm.o(.bss)
    os_idle_TCB                              0x1ffffc20   Data          52  rt_task.o(.bss)
    os_rdy                                   0x1ffffc54   Data          24  rt_list.o(.bss)
    os_dly                                   0x1ffffc6c   Data          24  rt_list.o(.bss)
    __libspace_start                         0x1ffffc84   Data          96  libspace.o(.bss)
    __temporary_stack_top$libspace           0x1ffffce4   Data           0  libspace.o(.bss)



==============================================================================

Memory Map of the image

  Image Entry point : 0x000002ed

  Load Region LR_1 (Base: 0x00000000, Size: 0x00001ebc, Max: 0xffffffff, ABSOLUTE)

    Execution Region ER_RO (Base: 0x00000000, Size: 0x00001e68, Max: 0xffffffff, ABSOLUTE)

    Base Addr    Size         Type   Attr      Idx    E Section Name        Object

    0x00000000   0x000000c0   Data   RO          445    RESET               startup_mkl25z4.o
    0x000000c0   0x00000008   Code   RO         1682  * !!!main             c_p.l(__main.o)
    0x000000c8   0x0000003c   Code   RO         1848    !!!scatter          c_p.l(__scatter.o)
    0x00000104   0x0000001a   Code   RO         1850    !!handler_copy      c_p.l(__scatter_copy.o)
    0x0000011e   0x00000002   PAD
    0x00000120   0x0000001c   Code   RO         1852    !!handler_zi        c_p.l(__scatter_zi.o)
    0x0000013c   0x00000002   Code   RO         1734    .ARM.Collect$$libinit$$00000000  c_p.l(libinit.o)
    0x0000013e   0x00000000   Code   RO         1747    .ARM.Collect$$libinit$$00000002  c_p.l(libinit2.o)
    0x0000013e   0x00000000   Code   RO         1749    .ARM.Collect$$libinit$$00000004  c_p.l(libinit2.o)
    0x0000013e   0x00000000   Code   RO         1752    .ARM.Collect$$libinit$$0000000A  c_p.l(libinit2.o)
    0x0000013e   0x00000000   Code   RO         1754    .ARM.Collect$$libinit$$0000000C  c_p.l(libinit2.o)
    0x0000013e   0x00000000   Code   RO         1756    .ARM.Collect$$libinit$$0000000E  c_p.l(libinit2.o)
    0x0000013e   0x00000000   Code   RO         1759    .ARM.Collect$$libinit$$00000011  c_p.l(libinit2.o)
    0x0000013e   0x00000000   Code   RO         1761    .ARM.Collect$$libinit$$00000013  c_p.l(libinit2.o)
    0x0000013e   0x00000000   Code   RO         1763    .ARM.Collect$$libinit$$00000015  c_p.l(libinit2.o)
    0x0000013e   0x00000000   Code   RO         1765    .ARM.Collect$$libinit$$00000017  c_p.l(libinit2.o)
    0x0000013e   0x00000000   Code   RO         1767    .ARM.Collect$$libinit$$00000019  c_p.l(libinit2.o)
    0x0000013e   0x00000000   Code   RO         1769    .ARM.Collect$$libinit$$0000001B  c_p.l(libinit2.o)
    0x0000013e   0x00000000   Code   RO         1771    .ARM.Collect$$libinit$$0000001D  c_p.l(libinit2.o)
    0x0000013e   0x00000000   Code   RO         1773    .ARM.Collect$$libinit$$0000001F  c_p.l(libinit2.o)
    0x0000013e   0x00000000   Code   RO         1775    .ARM.Collect$$libinit$$00000021  c_p.l(libinit2.o)
    0x0000013e   0x00000000   Code   RO         1777    .ARM.Collect$$libinit$$00000023  c_p.l(libinit2.o)
    0x0000013e   0x00000000   Code   RO         1779    .ARM.Collect$$libinit$$00000025  c_p.l(libinit2.o)
    0x0000013e   0x00000000   Code   RO         1783    .ARM.Collect$$libinit$$0000002C  c_p.l(libinit2.o)
    0x0000013e   0x00000000   Code   RO         1785    .ARM.Collect$$libinit$$0000002E  c_p.l(libinit2.o)
    0x0000013e   0x00000000   Code   RO         1787    .ARM.Collect$$libinit$$00000030  c_p.l(libinit2.o)
    0x0000013e   0x00000000   Code   RO         1789    .ARM.Collect$$libinit$$00000032  c_p.l(libinit2.o)
    0x0000013e   0x00000002   Code   RO         1790    .ARM.Collect$$libinit$$00000033  c_p.l(libinit2.o)
    0x00000140   0x00000002   Code   RO         1735    .ARM.Collect$$libshutdown$$00000000  c_p.l(libshutdown.o)
    0x00000142   0x00000000   Code   RO         1793    .ARM.Collect$$libshutdown$$00000003  c_p.l(libshutdown2.o)
    0x00000142   0x00000000   Code   RO         1796    .ARM.Collect$$libshutdown$$00000006  c_p.l(libshutdown2.o)
    0x00000142   0x00000000   Code   RO         1799    .ARM.Collect$$libshutdown$$00000009  c_p.l(libshutdown2.o)
    0x00000142   0x00000000   Code   RO         1801    .ARM.Collect$$libshutdown$$0000000B  c_p.l(libshutdown2.o)
    0x00000142   0x00000000   Code   RO         1804    .ARM.Collect$$libshutdown$$0000000E  c_p.l(libshutdown2.o)
    0x00000142   0x00000002   Code   RO         1805    .ARM.Collect$$libshutdown$$0000000F  c_p.l(libshutdown2.o)
    0x00000144   0x00000000   Code   RO         1684    .ARM.Collect$$rtentry$$00000000  c_p.l(__rtentry.o)
    0x00000144   0x00000000   Code   RO         1696    .ARM.Collect$$rtentry$$00000002  c_p.l(__rtentry2.o)
    0x00000144   0x00000006   Code   RO         1708    .ARM.Collect$$rtentry$$00000004  c_p.l(__rtentry4.o)
    0x0000014a   0x00000000   Code   RO         1698    .ARM.Collect$$rtentry$$00000009  c_p.l(__rtentry2.o)
    0x0000014a   0x00000004   Code   RO         1699    .ARM.Collect$$rtentry$$0000000A  c_p.l(__rtentry2.o)
    0x0000014e   0x00000008   Code   RO         1700    .ARM.Collect$$rtentry$$0000000B  c_p.l(__rtentry2.o)
    0x00000156   0x00000008   Code   RO         1702    .ARM.Collect$$rtentry$$0000000D  c_p.l(__rtentry2.o)
    0x0000015e   0x00000002   Code   RO         1685    .ARM.Collect$$rtexit$$00000000  c_p.l(rtexit.o)
    0x00000160   0x00000000   Code   RO         1711    .ARM.Collect$$rtexit$$00000002  c_p.l(rtexit2.o)
    0x00000160   0x00000004   Code   RO         1712    .ARM.Collect$$rtexit$$00000003  c_p.l(rtexit2.o)
    0x00000164   0x00000006   Code   RO         1713    .ARM.Collect$$rtexit$$00000004  c_p.l(rtexit2.o)
    0x0000016a   0x00000002   PAD
    0x0000016c   0x0000001c   Code   RO          385    .emb_text           rtx_conf_cm.o
    0x00000188   0x00000164   Code   RO         1652    .emb_text           RTX_CM0.lib(hal_cm0.o)
    0x000002ec   0x00000034   Code   RO          447  * .text               startup_mkl25z4.o
    0x00000320   0x00000008   Code   RO         1667    .text               c_p.l(libspace.o)
    0x00000328   0x00000030   Code   RO         1670    .text               c_p.l(llmul.o)
    0x00000358   0x0000000c   Code   RO         1674    .text               c_p.l(exit.o)
    0x00000364   0x00000006   Code   RO         1680    .text               c_p.l(heapauxi.o)
    0x0000036a   0x00000002   PAD
    0x0000036c   0x0000000c   Code   RO         1719    .text               c_p.l(sys_exit.o)
    0x00000378   0x0000003e   Code   RO         1721    .text               c_p.l(sys_stackheap_outer.o)
    0x000003b6   0x00000002   Code   RO         1736    .text               c_p.l(use_no_semi.o)
    0x000003b8   0x00000000   Code   RO         1738    .text               c_p.l(indicate_semi.o)
    0x000003b8   0x00000004   Code   RO         1662    SVC_TABLE           RTX_CM0.lib(svc_table.o)
    0x000003bc   0x00000028   Code   RO          166    i.Init_Thread       thread.o
    0x000003e4   0x0000001a   Code   RO          167    i.Thread            thread.o
    0x000003fe   0x00000002   Code   RO         1223    i.os_tick_irqack    RTX_CM0.lib(rt_system.o)
    0x00000400   0x00000010   Code   RO          446    .ARM.__at_0x400     startup_mkl25z4.o
    0x00000410   0x00000102   Code   RO         1672    .text               c_p.l(lludiv.o)
    0x00000512   0x0000015a   Code   RO         1676    .text               c_p.l(aeabi_sdiv.o)
    0x0000066c   0x00000028   Code   RO          196    i.Init_Thread_1     thread_1.o
    0x00000694   0x000000a0   Code   RO          254    i.LCD_IO_PutVal     hd44780.o
    0x00000734   0x00000084   Code   RO          255    i.LCD_Init          hd44780.o
    0x000007b8   0x00000040   Code   RO          257    i.LCD_WriteCommand  hd44780.o
    0x000007f8   0x0000002c   Code   RO          259    i.LCD_WriteNibble   hd44780.o
    0x00000824   0x000000fc   Code   RO          326    i.LED_Initialization  led.o
    0x00000920   0x00000074   Code   RO          327    i.RGB               led.o
    0x00000994   0x000000c4   Code   RO          456    i.SystemInit        system_mkl25z4.o
    0x00000a58   0x0000001a   Code   RO          197    i.Thread_1          thread_1.o
    0x00000a72   0x00000002   PAD
    0x00000a74   0x00000038   Code   RO          226    i._delay_ms         delay.o
    0x00000aac   0x00000048   Code   RO         1575    i._init_box         RTX_CM0.lib(rt_membox.o)
    0x00000af4   0x00000024   Code   RO          387    i._mutex_acquire    rtx_conf_cm.o
    0x00000b18   0x0000001c   Code   RO          389    i._mutex_release    rtx_conf_cm.o
    0x00000b34   0x00000024   Code   RO          356    i.init_hardware     low_level_init.o
    0x00000b58   0x0000002e   Code   RO          489    i.isrMessageGet     RTX_CM0.lib(rt_cmsis.o)
    0x00000b86   0x00000030   Code   RO          490    i.isrMessagePut     RTX_CM0.lib(rt_cmsis.o)
    0x00000bb6   0x00000046   Code   RO         1430    i.isr_mbx_receive   RTX_CM0.lib(rt_mailbox.o)
    0x00000bfc   0x0000000c   Code   RO         1431    i.isr_mbx_send      RTX_CM0.lib(rt_mailbox.o)
    0x00000c08   0x00000022   Code   RO            3    i.main              main.o
    0x00000c2a   0x00000002   PAD
    0x00000c2c   0x0000001c   Code   RO          493    i.osDelay           RTX_CM0.lib(rt_cmsis.o)
    0x00000c48   0x00000028   Code   RO          494    i.osKernelInitialize  RTX_CM0.lib(rt_cmsis.o)
    0x00000c70   0x0000006c   Code   RO          496    i.osKernelStart     RTX_CM0.lib(rt_cmsis.o)
    0x00000cdc   0x0000001c   Code   RO          505    i.osMessageGet      RTX_CM0.lib(rt_cmsis.o)
    0x00000cf8   0x00000034   Code   RO          522    i.osThreadCreate    RTX_CM0.lib(rt_cmsis.o)
    0x00000d2c   0x00000018   Code   RO          523    i.osThreadExit      RTX_CM0.lib(rt_cmsis.o)
    0x00000d44   0x0000001c   Code   RO          528    i.osThreadYield     RTX_CM0.lib(rt_cmsis.o)
    0x00000d60   0x00000010   Code   RO          529    i.osTimerCall       RTX_CM0.lib(rt_cmsis.o)
    0x00000d70   0x0000002c   Code   RO          534    i.osTimerThread     RTX_CM0.lib(rt_cmsis.o)
    0x00000d9c   0x00000020   Code   RO          390    i.os_error          rtx_conf_cm.o
    0x00000dbc   0x00000006   Code   RO          391    i.os_idle_demon     rtx_conf_cm.o
    0x00000dc2   0x00000002   PAD
    0x00000dc4   0x0000002c   Code   RO         1222    i.os_tick_init      RTX_CM0.lib(rt_system.o)
    0x00000df0   0x0000001e   Code   RO         1576    i.rt_alloc_box      RTX_CM0.lib(rt_membox.o)
    0x00000e0e   0x00000042   Code   RO         1604    i.rt_alloc_mem      RTX_CM0.lib(rt_memory.o)
    0x00000e50   0x00000038   Code   RO         1107    i.rt_block          RTX_CM0.lib(rt_task.o)
    0x00000e88   0x00000044   Code   RO         1553    i.rt_chk_robin      RTX_CM0.lib(rt_robin.o)
    0x00000ecc   0x00000074   Code   RO         1354    i.rt_dec_dly        RTX_CM0.lib(rt_list.o)
    0x00000f40   0x00000040   Code   RO         1108    i.rt_dispatch       RTX_CM0.lib(rt_task.o)
    0x00000f80   0x0000000a   Code   RO         1520    i.rt_dly_wait       RTX_CM0.lib(rt_time.o)
    0x00000f8a   0x00000002   PAD
    0x00000f8c   0x00000050   Code   RO         1315    i.rt_evt_psh        RTX_CM0.lib(rt_event.o)
    0x00000fdc   0x00000026   Code   RO         1577    i.rt_free_box       RTX_CM0.lib(rt_membox.o)
    0x00001002   0x00000030   Code   RO         1605    i.rt_free_mem       RTX_CM0.lib(rt_memory.o)
    0x00001032   0x0000002a   Code   RO         1355    i.rt_get_first      RTX_CM0.lib(rt_list.o)
    0x0000105c   0x00000024   Code   RO         1356    i.rt_get_same_rdy_prio  RTX_CM0.lib(rt_list.o)
    0x00001080   0x00000008   Code   RO          539    i.rt_id2obj         RTX_CM0.lib(rt_cmsis.o)
    0x00001088   0x00000048   Code   RO         1109    i.rt_init_context   RTX_CM0.lib(rt_task.o)
    0x000010d0   0x0000001c   Code   RO         1606    i.rt_init_mem       RTX_CM0.lib(rt_memory.o)
    0x000010ec   0x00000018   Code   RO         1554    i.rt_init_robin     RTX_CM0.lib(rt_robin.o)
    0x00001104   0x00000078   Code   RO         1628    i.rt_init_stack     RTX_CM0.lib(hal_cm.o)
    0x0000117c   0x00000008   Code   RO         1432    i.rt_mbx_check      RTX_CM0.lib(rt_mailbox.o)
    0x00001184   0x00000024   Code   RO         1433    i.rt_mbx_init       RTX_CM0.lib(rt_mailbox.o)
    0x000011a8   0x000000d0   Code   RO         1434    i.rt_mbx_psh        RTX_CM0.lib(rt_mailbox.o)
    0x00001278   0x000000b0   Code   RO         1436    i.rt_mbx_wait       RTX_CM0.lib(rt_mailbox.o)
    0x00001328   0x0000003c   Code   RO          540    i.rt_ms2tick        RTX_CM0.lib(rt_cmsis.o)
    0x00001364   0x000000d8   Code   RO         1193    i.rt_mut_release    RTX_CM0.lib(rt_mutex.o)
    0x0000143c   0x00000070   Code   RO         1194    i.rt_mut_wait       RTX_CM0.lib(rt_mutex.o)
    0x000014ac   0x00000070   Code   RO         1226    i.rt_pop_req        RTX_CM0.lib(rt_system.o)
    0x0000151c   0x00000020   Code   RO         1227    i.rt_psh_req        RTX_CM0.lib(rt_system.o)
    0x0000153c   0x00000040   Code   RO         1357    i.rt_psq_enq        RTX_CM0.lib(rt_list.o)
    0x0000157c   0x00000050   Code   RO         1358    i.rt_put_dly        RTX_CM0.lib(rt_list.o)
    0x000015cc   0x0000003c   Code   RO         1359    i.rt_put_prio       RTX_CM0.lib(rt_list.o)
    0x00001608   0x00000014   Code   RO         1360    i.rt_put_rdy_first  RTX_CM0.lib(rt_list.o)
    0x0000161c   0x00000030   Code   RO         1361    i.rt_resort_prio    RTX_CM0.lib(rt_list.o)
    0x0000164c   0x00000006   Code   RO         1629    i.rt_ret_val        RTX_CM0.lib(hal_cm.o)
    0x00001652   0x00000008   Code   RO         1630    i.rt_ret_val2       RTX_CM0.lib(hal_cm.o)
    0x0000165a   0x0000002a   Code   RO         1362    i.rt_rmv_dly        RTX_CM0.lib(rt_list.o)
    0x00001684   0x00000034   Code   RO         1363    i.rt_rmv_list       RTX_CM0.lib(rt_list.o)
    0x000016b8   0x00000034   Code   RO         1481    i.rt_sem_psh        RTX_CM0.lib(rt_semaphore.o)
    0x000016ec   0x00000028   Code   RO         1229    i.rt_stk_check      RTX_CM0.lib(rt_system.o)
    0x00001714   0x00000010   Code   RO         1110    i.rt_switch_req     RTX_CM0.lib(rt_task.o)
    0x00001724   0x000000c8   Code   RO         1111    i.rt_sys_init       RTX_CM0.lib(rt_task.o)
    0x000017ec   0x00000064   Code   RO         1112    i.rt_sys_start      RTX_CM0.lib(rt_task.o)
    0x00001850   0x0000003c   Code   RO         1231    i.rt_systick        RTX_CM0.lib(rt_system.o)
    0x0000188c   0x00000012   Code   RO          541    i.rt_tid2ptcb       RTX_CM0.lib(rt_cmsis.o)
    0x0000189e   0x00000002   PAD
    0x000018a0   0x00000038   Code   RO          542    i.rt_timer_insert   RTX_CM0.lib(rt_cmsis.o)
    0x000018d8   0x00000070   Code   RO         1113    i.rt_tsk_create     RTX_CM0.lib(rt_task.o)
    0x00001948   0x0000013c   Code   RO         1114    i.rt_tsk_delete     RTX_CM0.lib(rt_task.o)
    0x00001a84   0x0000002c   Code   RO         1115    i.rt_tsk_pass       RTX_CM0.lib(rt_task.o)
    0x00001ab0   0x00000080   Code   RO         1116    i.rt_tsk_prio       RTX_CM0.lib(rt_task.o)
    0x00001b30   0x00000010   Code   RO         1117    i.rt_tsk_self       RTX_CM0.lib(rt_task.o)
    0x00001b40   0x00000014   Code   RO          544    i.svcDelay          RTX_CM0.lib(rt_cmsis.o)
    0x00001b54   0x00000078   Code   RO          545    i.svcKernelInitialize  RTX_CM0.lib(rt_cmsis.o)
    0x00001bcc   0x0000004c   Code   RO          547    i.svcKernelStart    RTX_CM0.lib(rt_cmsis.o)
    0x00001c18   0x0000002a   Code   RO          550    i.svcMessageCreate  RTX_CM0.lib(rt_cmsis.o)
    0x00001c42   0x0000003c   Code   RO          551    i.svcMessageGet     RTX_CM0.lib(rt_cmsis.o)
    0x00001c7e   0x00000002   PAD
    0x00001c80   0x00000078   Code   RO          565    i.svcThreadCreate   RTX_CM0.lib(rt_cmsis.o)
    0x00001cf8   0x0000001c   Code   RO          566    i.svcThreadGetId    RTX_CM0.lib(rt_cmsis.o)
    0x00001d14   0x0000003c   Code   RO          569    i.svcThreadTerminate  RTX_CM0.lib(rt_cmsis.o)
    0x00001d50   0x0000000a   Code   RO          570    i.svcThreadYield    RTX_CM0.lib(rt_cmsis.o)
    0x00001d5a   0x0000001c   Code   RO          571    i.svcTimerCall      RTX_CM0.lib(rt_cmsis.o)
    0x00001d76   0x00000002   PAD
    0x00001d78   0x00000058   Code   RO          580    i.sysTimerTick      RTX_CM0.lib(rt_cmsis.o)
    0x00001dd0   0x00000010   Data   RO          168    .constdata          thread.o
    0x00001de0   0x00000010   Data   RO          198    .constdata          thread_1.o
    0x00001df0   0x00000056   Data   RO          393    .constdata          rtx_conf_cm.o
    0x00001e46   0x00000002   PAD
    0x00001e48   0x00000020   Data   RO         1846    Region$$Table       anon$$obj.o


    Execution Region ER_RW (Base: 0x1ffff000, Size: 0x00000054, Max: 0xffffffff, ABSOLUTE)

    Base Addr    Size         Type   Attr      Idx    E Section Name        Object

    0x1ffff000   0x00000004   Data   RW          169    .data               thread.o
    0x1ffff004   0x00000004   Data   RW          199    .data               thread_1.o
    0x1ffff008   0x00000024   Data   RW          394    .data               rtx_conf_cm.o
    0x1ffff02c   0x00000004   Data   RW          457    .data               system_mkl25z4.o
    0x1ffff030   0x00000008   Data   RW          583    .data               RTX_CM0.lib(rt_cmsis.o)
    0x1ffff038   0x00000008   Data   RW         1119    .data               RTX_CM0.lib(rt_task.o)
    0x1ffff040   0x00000008   Data   RW         1234    .data               RTX_CM0.lib(rt_system.o)
    0x1ffff048   0x00000004   Data   RW         1524    .data               RTX_CM0.lib(rt_time.o)
    0x1ffff04c   0x00000008   Data   RW         1555    .data               RTX_CM0.lib(rt_robin.o)


    Execution Region ER_ZI (Base: 0x1ffff054, Size: 0x00001094, Max: 0xffffffff, ABSOLUTE)

    Base Addr    Size         Type   Attr      Idx    E Section Name        Object

    0x1ffff054   0x00000004   PAD
    0x1ffff058   0x00000bc8   Zero   RW          392    .bss                rtx_conf_cm.o
    0x1ffffc20   0x00000034   Zero   RW         1118    .bss                RTX_CM0.lib(rt_task.o)
    0x1ffffc54   0x00000030   Zero   RW         1364    .bss                RTX_CM0.lib(rt_list.o)
    0x1ffffc84   0x00000060   Zero   RW         1668    .bss                c_p.l(libspace.o)
    0x1ffffce4   0x00000004   PAD
    0x1ffffce8   0x00000000   Zero   RW          444    HEAP                startup_mkl25z4.o
    0x1ffffce8   0x00000400   Zero   RW          443    STACK               startup_mkl25z4.o


==============================================================================

Image component sizes


      Code (inc. data)   RO Data    RW Data    ZI Data      Debug   Object Name

        56          8          0          0          0        500   delay.o
       400         28          0          0          0       1976   hd44780.o
       368         20          0          0          0       1083   led.o
        36          6          0          0          0        432   low_level_init.o
        34          0          0          0          0       9013   main.o
       130         28         86         36       3016       9075   rtx_conf_cm.o
        68         38        192          0       1024        868   startup_mkl25z4.o
       196         28          0          4          0        787   system_mkl25z4.o
        66         10         16          4          0       1577   thread.o
        66         10         16          4          0       1605   thread_1.o

    ----------------------------------------------------------------------
      1426        176        344         48       4040      26916   Object Totals
         0          0         32          0          0          0   (incl. Generated)
         6          0          2          0          0          0   (incl. Padding)

    ----------------------------------------------------------------------

      Code (inc. data)   RO Data    RW Data    ZI Data      Debug   Library Member Name

       134         14          0          0          0       1439   hal_cm.o
       356         40          0          0          0        832   hal_cm0.o
      1256        152          0          8          0      30507   rt_cmsis.o
        80          6          0          0          0        533   rt_event.o
       560         44          0          0         48       7596   rt_list.o
       510         16          0          0          0       3269   rt_mailbox.o
       140          0          0          0          0       1689   rt_membox.o
       142          0          0          0          0       2067   rt_memory.o
       328         16          0          0          0       1367   rt_mutex.o
        92         22          0          8          0       1078   rt_robin.o
        52          4          0          0          0        489   rt_semaphore.o
       290         54          0          8          0       5755   rt_system.o
      1124        186          0          8         52       8811   rt_task.o
        10          0          0          4          0        640   rt_time.o
         4          4          0          0          0        200   svc_table.o
         8          0          0          0          0         68   __main.o
         0          0          0          0          0          0   __rtentry.o
        20          0          0          0          0          0   __rtentry2.o
         6          0          0          0          0          0   __rtentry4.o
        60          8          0          0          0          0   __scatter.o
        26          0          0          0          0          0   __scatter_copy.o
        28          0          0          0          0          0   __scatter_zi.o
       346          0          0          0          0         92   aeabi_sdiv.o
        12          0          0          0          0         64   exit.o
         6          0          0          0          0        136   heapauxi.o
         0          0          0          0          0          0   indicate_semi.o
         2          0          0          0          0          0   libinit.o
         2          0          0          0          0          0   libinit2.o
         2          0          0          0          0          0   libshutdown.o
         2          0          0          0          0          0   libshutdown2.o
         8          4          0          0         96         68   libspace.o
        48          0          0          0          0         72   llmul.o
       258          0          0          0          0         88   lludiv.o
         2          0          0          0          0          0   rtexit.o
        10          0          0          0          0          0   rtexit2.o
        12          4          0          0          0         60   sys_exit.o
        62          0          0          0          0         80   sys_stackheap_outer.o
         2          0          0          0          0         68   use_no_semi.o

    ----------------------------------------------------------------------
      6014        574          0         36        204      67068   Library Totals
        14          0          0          0          8          0   (incl. Padding)

    ----------------------------------------------------------------------

      Code (inc. data)   RO Data    RW Data    ZI Data      Debug   Library Name

      5078        558          0         36        100      66272   RTX_CM0.lib
       922         16          0          0         96        796   c_p.l

    ----------------------------------------------------------------------
      6014        574          0         36        204      67068   Library Totals

    ----------------------------------------------------------------------

==============================================================================


      Code (inc. data)   RO Data    RW Data    ZI Data      Debug   

      7440        750        344         84       4244      89908   Grand Totals
      7440        750        344         84       4244      89908   ELF Image Totals
      7440        750        344         84          0          0   ROM Totals

==============================================================================

    Total RO  Size (Code + RO Data)                 7784 (   7.60kB)
    Total RW  Size (RW Data + ZI Data)              4328 (   4.23kB)
    Total ROM Size (Code + RO Data + RW Data)       7868 (   7.68kB)

==============================================================================

